/home/yassine/Documents/CRS/BUS CAN/rescapt/CMSIS/core/core_cm3.h:1524:22:NVIC_SetPriority	16	static
/home/yassine/Documents/CRS/BUS CAN/rescapt/CMSIS/core/core_cm3.h:1616:22:NVIC_SystemReset	4	static,ignoring_inline_asm
/home/yassine/Documents/CRS/BUS CAN/rescapt/CMSIS/core/core_cm3.h:1656:26:SysTick_Config	16	static
../src/main.c:42:5:main	8	static
../src/main.c:140:6:can_callback	32	static
../src/main.c:162:6:HAL_TIM_PeriodElapsedCallback	16	static
../src/main.c:169:6:VL6180x_Init	16	static
../src/main.c:198:6:VL6180x_Step	8	static
