/home/e2024/e24tello/Documents/Projet-BUS-CAN/Lumi_Temp/rescapt/CMSIS/core/core_cm3.h:1524:22:NVIC_SetPriority	16	static
/home/e2024/e24tello/Documents/Projet-BUS-CAN/Lumi_Temp/rescapt/CMSIS/core/core_cm3.h:1616:22:NVIC_SystemReset	4	static,ignoring_inline_asm
/home/e2024/e24tello/Documents/Projet-BUS-CAN/Lumi_Temp/rescapt/CMSIS/core/core_cm3.h:1656:26:SysTick_Config	16	static
../src/main.c:48:5:main	64	static
../src/main.c:207:6:can_callback	24	static
../src/main.c:229:6:HAL_TIM_PeriodElapsedCallback	16	static
../src/main.c:236:6:VL6180x_Init	16	static
../src/main.c:265:6:VL6180x_Step	8	static
