13:36:09 **** Incremental Build of configuration Debug for project rescapt ****
make all 
arm-none-eabi-size   rescapt.elf 
   text	   data	    bss	    dec	    hex	filename
  49144	    392	   2896	  52432	   ccd0	rescapt.elf
Finished building: default.size.stdout
 
13:36:13 **** Incremental Build of configuration Debug for project rescapt ****
make all 
arm-none-eabi-size   rescapt.elf 
   text	   data	    bss	    dec	    hex	filename
  49144	    392	   2896	  52432	   ccd0	rescapt.elf
Finished building: default.size.stdout
 
