/home/yassine/Documents/WORKSPACE_RESCAPT_STM32CUBEIDE/rescapt/CMSIS/core/core_cm3.h:1524:22:NVIC_SetPriority	2
/home/yassine/Documents/WORKSPACE_RESCAPT_STM32CUBEIDE/rescapt/CMSIS/core/core_cm3.h:1616:22:NVIC_SystemReset	1
/home/yassine/Documents/WORKSPACE_RESCAPT_STM32CUBEIDE/rescapt/CMSIS/core/core_cm3.h:1656:26:SysTick_Config	2
../src/main.c:42:5:main	1
../src/main.c:140:6:can_callback	2
../src/main.c:162:6:HAL_TIM_PeriodElapsedCallback	1
../src/main.c:169:6:VL6180x_Init	1
../src/main.c:198:6:VL6180x_Step	13
