13:34:41 **** Incremental Build of configuration Debug for project ACCELERO_SEUL_QUI_MARCHE ****
make all 
arm-none-eabi-gcc "../src/main.c" -mcpu=cortex-m3 -std=gnu11 -g3 -DSTM32 -DSTM32F1 -DSTM32F103RBTx -DNUCLEO_F103RB -DDEBUG -DSTM32F103xB -DUSE_HAL_DRIVER -c -I"/home/e2024/e24tello/Documents/Projet-BUS-CAN/WORKSPACE/ACCELERO_SEUL_QUI_MARCHE/HAL_Driver/Inc/Legacy" -I"/home/e2024/e24tello/Documents/Projet-BUS-CAN/WORKSPACE/ACCELERO_SEUL_QUI_MARCHE/src/vl6180x" -I"/home/e2024/e24tello/Documents/Projet-BUS-CAN/WORKSPACE/ACCELERO_SEUL_QUI_MARCHE/Utilities/STM32F1xx_Nucleo" -I"/home/e2024/e24tello/Documents/Projet-BUS-CAN/WORKSPACE/ACCELERO_SEUL_QUI_MARCHE/inc" -I"/home/e2024/e24tello/Documents/Projet-BUS-CAN/WORKSPACE/ACCELERO_SEUL_QUI_MARCHE/CMSIS/device" -I"/home/e2024/e24tello/Documents/Projet-BUS-CAN/WORKSPACE/ACCELERO_SEUL_QUI_MARCHE/CMSIS/core" -I"/home/e2024/e24tello/Documents/Projet-BUS-CAN/WORKSPACE/ACCELERO_SEUL_QUI_MARCHE/HAL_Driver/Inc" -O0 -ffunction-sections -Wall -fcommon -fstack-usage -MMD -MP -MF"src/main.d" -MT"src/main.o" --specs=nano.specs -mfloat-abi=soft -mthumb -o "src/main.o"
../src/main.c: In function 'main':
../src/main.c:67:2: warning: implicit declaration of function 'uart1_Init'; did you mean 'uart3_Init'? [-Wimplicit-function-declaration]
   67 |  uart1_Init();
      |  ^~~~~~~~~~
      |  uart3_Init
arm-none-eabi-gcc -o "ACCELERO_SEUL_QUI_MARCHE.elf" @"objects.list"   -mcpu=cortex-m3 -T"/home/e2024/e24tello/Documents/Projet-BUS-CAN/WORKSPACE/ACCELERO_SEUL_QUI_MARCHE/LinkerScript.ld" --specs=nosys.specs -Wl,-Map="ACCELERO_SEUL_QUI_MARCHE.map" -Wl,--gc-sections -static --specs=nano.specs -mfloat-abi=soft -mthumb -Wl,--start-group -lc -lm -Wl,--end-group
Finished building target: ACCELERO_SEUL_QUI_MARCHE.elf
 
arm-none-eabi-size   ACCELERO_SEUL_QUI_MARCHE.elf 
   text	   data	    bss	    dec	    hex	filename
  37332	    148	   2948	  40428	   9dec	ACCELERO_SEUL_QUI_MARCHE.elf
Finished building: default.size.stdout
 
arm-none-eabi-objdump -h -S  ACCELERO_SEUL_QUI_MARCHE.elf  > "ACCELERO_SEUL_QUI_MARCHE.list"
Finished building: ACCELERO_SEUL_QUI_MARCHE.list
 
arm-none-eabi-objcopy  -O binary  ACCELERO_SEUL_QUI_MARCHE.elf  "ACCELERO_SEUL_QUI_MARCHE.bin"
Finished building: ACCELERO_SEUL_QUI_MARCHE.bin
 
