10:43:36 **** Incremental Build of configuration Debug for project rescapt ****
make all 
arm-none-eabi-gcc -mcpu=cortex-m3 -g3 -c -I"/home/yassine/Documents/CRS/BUS_CAN/rescapt/HAL_Driver/Inc/Legacy" -I"/home/yassine/Documents/CRS/BUS_CAN/rescapt/Utilities/STM32F1xx_Nucleo" -I"/home/yassine/Documents/CRS/BUS_CAN/rescapt/inc" -I"/home/yassine/Documents/CRS/BUS_CAN/rescapt/CMSIS/device" -I"/home/yassine/Documents/CRS/BUS_CAN/rescapt/CMSIS/core" -I"/home/yassine/Documents/CRS/BUS_CAN/rescapt/HAL_Driver/Inc" -x assembler-with-cpp -MMD -MP -MF"startup/startup_stm32f103xb.d" -MT"startup/startup_stm32f103xb.o" --specs=nano.specs -mfloat-abi=soft -mthumb -o "startup/startup_stm32f103xb.o" "../startup/startup_stm32f103xb.s"
arm-none-eabi-gcc "../src/vl6180x/vl6180x_api.c" -mcpu=cortex-m3 -std=gnu11 -g3 -DSTM32 -DSTM32F1 -DSTM32F103RBTx -DNUCLEO_F103RB -DDEBUG -DSTM32F103xB -DUSE_HAL_DRIVER -c -I"/home/yassine/Documents/CRS/BUS_CAN/rescapt/HAL_Driver/Inc/Legacy" -I"/home/yassine/Documents/CRS/BUS_CAN/rescapt/src/vl6180x" -I"/home/yassine/Documents/CRS/BUS_CAN/rescapt/Utilities/STM32F1xx_Nucleo" -I"/home/yassine/Documents/CRS/BUS_CAN/rescapt/inc" -I"/home/yassine/Documents/CRS/BUS_CAN/rescapt/CMSIS/device" -I"/home/yassine/Documents/CRS/BUS_CAN/rescapt/CMSIS/core" -I"/home/yassine/Documents/CRS/BUS_CAN/rescapt/HAL_Driver/Inc" -O0 -ffunction-sections -Wall -fcommon -fstack-usage -fcyclomatic-complexity -MMD -MP -MF"src/vl6180x/vl6180x_api.d" -MT"src/vl6180x/vl6180x_api.o" --specs=nano.specs -mfloat-abi=soft -mthumb -o "src/vl6180x/vl6180x_api.o"
arm-none-eabi-gcc "../src/vl6180x/vl6180x_lib.c" -mcpu=cortex-m3 -std=gnu11 -g3 -DSTM32 -DSTM32F1 -DSTM32F103RBTx -DNUCLEO_F103RB -DDEBUG -DSTM32F103xB -DUSE_HAL_DRIVER -c -I"/home/yassine/Documents/CRS/BUS_CAN/rescapt/HAL_Driver/Inc/Legacy" -I"/home/yassine/Documents/CRS/BUS_CAN/rescapt/src/vl6180x" -I"/home/yassine/Documents/CRS/BUS_CAN/rescapt/Utilities/STM32F1xx_Nucleo" -I"/home/yassine/Documents/CRS/BUS_CAN/rescapt/inc" -I"/home/yassine/Documents/CRS/BUS_CAN/rescapt/CMSIS/device" -I"/home/yassine/Documents/CRS/BUS_CAN/rescapt/CMSIS/core" -I"/home/yassine/Documents/CRS/BUS_CAN/rescapt/HAL_Driver/Inc" -O0 -ffunction-sections -Wall -fcommon -fstack-usage -fcyclomatic-complexity -MMD -MP -MF"src/vl6180x/vl6180x_lib.d" -MT"src/vl6180x/vl6180x_lib.o" --specs=nano.specs -mfloat-abi=soft -mthumb -o "src/vl6180x/vl6180x_lib.o"
../src/vl6180x/vl6180x_lib.c: In function 'AlsState':
../src/vl6180x/vl6180x_lib.c:108:38: warning: '%02d' directive writing 2 bytes into a region of size between 0 and 7 [-Wformat-overflow=]
  108 |                 sprintf(buffer, "L%d.%02d", (int) Als.lux / 1000, (int) (Als.lux % 1000) / 10); /* show LX.YY  X k Lux 2 digit*/
      |                                      ^~~~
../src/vl6180x/vl6180x_lib.c:108:33: note: directive argument in the range [0, 99]
  108 |                 sprintf(buffer, "L%d.%02d", (int) Als.lux / 1000, (int) (Als.lux % 1000) / 10); /* show LX.YY  X k Lux 2 digit*/
      |                                 ^~~~~~~~~~
../src/vl6180x/vl6180x_lib.c:108:17: note: 'sprintf' output between 6 and 13 bytes into a destination of size 10
  108 |                 sprintf(buffer, "L%d.%02d", (int) Als.lux / 1000, (int) (Als.lux % 1000) / 10); /* show LX.YY  X k Lux 2 digit*/
      |                 ^~~~~~~~~~~~~~~~~~~~~~~~~~~~~~~~~~~~~~~~~~~~~~~~~~~~~~~~~~~~~~~~~~~~~~~~~~~~~~
arm-none-eabi-gcc "../src/vl6180x/x-nucleo-6180xa1.c" -mcpu=cortex-m3 -std=gnu11 -g3 -DSTM32 -DSTM32F1 -DSTM32F103RBTx -DNUCLEO_F103RB -DDEBUG -DSTM32F103xB -DUSE_HAL_DRIVER -c -I"/home/yassine/Documents/CRS/BUS_CAN/rescapt/HAL_Driver/Inc/Legacy" -I"/home/yassine/Documents/CRS/BUS_CAN/rescapt/src/vl6180x" -I"/home/yassine/Documents/CRS/BUS_CAN/rescapt/Utilities/STM32F1xx_Nucleo" -I"/home/yassine/Documents/CRS/BUS_CAN/rescapt/inc" -I"/home/yassine/Documents/CRS/BUS_CAN/rescapt/CMSIS/device" -I"/home/yassine/Documents/CRS/BUS_CAN/rescapt/CMSIS/core" -I"/home/yassine/Documents/CRS/BUS_CAN/rescapt/HAL_Driver/Inc" -O0 -ffunction-sections -Wall -fcommon -fstack-usage -fcyclomatic-complexity -MMD -MP -MF"src/vl6180x/x-nucleo-6180xa1.d" -MT"src/vl6180x/x-nucleo-6180xa1.o" --specs=nano.specs -mfloat-abi=soft -mthumb -o "src/vl6180x/x-nucleo-6180xa1.o"
arm-none-eabi-gcc "../src/anemo.c" -mcpu=cortex-m3 -std=gnu11 -g3 -DSTM32 -DSTM32F1 -DSTM32F103RBTx -DNUCLEO_F103RB -DDEBUG -DSTM32F103xB -DUSE_HAL_DRIVER -c -I"/home/yassine/Documents/CRS/BUS_CAN/rescapt/HAL_Driver/Inc/Legacy" -I"/home/yassine/Documents/CRS/BUS_CAN/rescapt/src/vl6180x" -I"/home/yassine/Documents/CRS/BUS_CAN/rescapt/Utilities/STM32F1xx_Nucleo" -I"/home/yassine/Documents/CRS/BUS_CAN/rescapt/inc" -I"/home/yassine/Documents/CRS/BUS_CAN/rescapt/CMSIS/device" -I"/home/yassine/Documents/CRS/BUS_CAN/rescapt/CMSIS/core" -I"/home/yassine/Documents/CRS/BUS_CAN/rescapt/HAL_Driver/Inc" -O0 -ffunction-sections -Wall -fcommon -fstack-usage -fcyclomatic-complexity -MMD -MP -MF"src/anemo.d" -MT"src/anemo.o" --specs=nano.specs -mfloat-abi=soft -mthumb -o "src/anemo.o"
arm-none-eabi-gcc "../src/drv_can.c" -mcpu=cortex-m3 -std=gnu11 -g3 -DSTM32 -DSTM32F1 -DSTM32F103RBTx -DNUCLEO_F103RB -DDEBUG -DSTM32F103xB -DUSE_HAL_DRIVER -c -I"/home/yassine/Documents/CRS/BUS_CAN/rescapt/HAL_Driver/Inc/Legacy" -I"/home/yassine/Documents/CRS/BUS_CAN/rescapt/src/vl6180x" -I"/home/yassine/Documents/CRS/BUS_CAN/rescapt/Utilities/STM32F1xx_Nucleo" -I"/home/yassine/Documents/CRS/BUS_CAN/rescapt/inc" -I"/home/yassine/Documents/CRS/BUS_CAN/rescapt/CMSIS/device" -I"/home/yassine/Documents/CRS/BUS_CAN/rescapt/CMSIS/core" -I"/home/yassine/Documents/CRS/BUS_CAN/rescapt/HAL_Driver/Inc" -O0 -ffunction-sections -Wall -fcommon -fstack-usage -fcyclomatic-complexity -MMD -MP -MF"src/drv_can.d" -MT"src/drv_can.o" --specs=nano.specs -mfloat-abi=soft -mthumb -o "src/drv_can.o"
arm-none-eabi-gcc "../src/drv_i2c.c" -mcpu=cortex-m3 -std=gnu11 -g3 -DSTM32 -DSTM32F1 -DSTM32F103RBTx -DNUCLEO_F103RB -DDEBUG -DSTM32F103xB -DUSE_HAL_DRIVER -c -I"/home/yassine/Documents/CRS/BUS_CAN/rescapt/HAL_Driver/Inc/Legacy" -I"/home/yassine/Documents/CRS/BUS_CAN/rescapt/src/vl6180x" -I"/home/yassine/Documents/CRS/BUS_CAN/rescapt/Utilities/STM32F1xx_Nucleo" -I"/home/yassine/Documents/CRS/BUS_CAN/rescapt/inc" -I"/home/yassine/Documents/CRS/BUS_CAN/rescapt/CMSIS/device" -I"/home/yassine/Documents/CRS/BUS_CAN/rescapt/CMSIS/core" -I"/home/yassine/Documents/CRS/BUS_CAN/rescapt/HAL_Driver/Inc" -O0 -ffunction-sections -Wall -fcommon -fstack-usage -fcyclomatic-complexity -MMD -MP -MF"src/drv_i2c.d" -MT"src/drv_i2c.o" --specs=nano.specs -mfloat-abi=soft -mthumb -o "src/drv_i2c.o"
arm-none-eabi-gcc "../src/drv_spi.c" -mcpu=cortex-m3 -std=gnu11 -g3 -DSTM32 -DSTM32F1 -DSTM32F103RBTx -DNUCLEO_F103RB -DDEBUG -DSTM32F103xB -DUSE_HAL_DRIVER -c -I"/home/yassine/Documents/CRS/BUS_CAN/rescapt/HAL_Driver/Inc/Legacy" -I"/home/yassine/Documents/CRS/BUS_CAN/rescapt/src/vl6180x" -I"/home/yassine/Documents/CRS/BUS_CAN/rescapt/Utilities/STM32F1xx_Nucleo" -I"/home/yassine/Documents/CRS/BUS_CAN/rescapt/inc" -I"/home/yassine/Documents/CRS/BUS_CAN/rescapt/CMSIS/device" -I"/home/yassine/Documents/CRS/BUS_CAN/rescapt/CMSIS/core" -I"/home/yassine/Documents/CRS/BUS_CAN/rescapt/HAL_Driver/Inc" -O0 -ffunction-sections -Wall -fcommon -fstack-usage -fcyclomatic-complexity -MMD -MP -MF"src/drv_spi.d" -MT"src/drv_spi.o" --specs=nano.specs -mfloat-abi=soft -mthumb -o "src/drv_spi.o"
arm-none-eabi-gcc "../src/drv_uart.c" -mcpu=cortex-m3 -std=gnu11 -g3 -DSTM32 -DSTM32F1 -DSTM32F103RBTx -DNUCLEO_F103RB -DDEBUG -DSTM32F103xB -DUSE_HAL_DRIVER -c -I"/home/yassine/Documents/CRS/BUS_CAN/rescapt/HAL_Driver/Inc/Legacy" -I"/home/yassine/Documents/CRS/BUS_CAN/rescapt/src/vl6180x" -I"/home/yassine/Documents/CRS/BUS_CAN/rescapt/Utilities/STM32F1xx_Nucleo" -I"/home/yassine/Documents/CRS/BUS_CAN/rescapt/inc" -I"/home/yassine/Documents/CRS/BUS_CAN/rescapt/CMSIS/device" -I"/home/yassine/Documents/CRS/BUS_CAN/rescapt/CMSIS/core" -I"/home/yassine/Documents/CRS/BUS_CAN/rescapt/HAL_Driver/Inc" -O0 -ffunction-sections -Wall -fcommon -fstack-usage -fcyclomatic-complexity -MMD -MP -MF"src/drv_uart.d" -MT"src/drv_uart.o" --specs=nano.specs -mfloat-abi=soft -mthumb -o "src/drv_uart.o"
../src/drv_uart.c: In function 'term_printf':
../src/drv_uart.c:146:13: warning: unused variable 'first' [-Wunused-variable]
  146 |         int first=0;
      |             ^~~~~
../src/drv_uart.c:139:22: warning: unused variable 'u' [-Wunused-variable]
  139 |         unsigned int u;
      |                      ^
arm-none-eabi-gcc "../src/dynamixel.c" -mcpu=cortex-m3 -std=gnu11 -g3 -DSTM32 -DSTM32F1 -DSTM32F103RBTx -DNUCLEO_F103RB -DDEBUG -DSTM32F103xB -DUSE_HAL_DRIVER -c -I"/home/yassine/Documents/CRS/BUS_CAN/rescapt/HAL_Driver/Inc/Legacy" -I"/home/yassine/Documents/CRS/BUS_CAN/rescapt/src/vl6180x" -I"/home/yassine/Documents/CRS/BUS_CAN/rescapt/Utilities/STM32F1xx_Nucleo" -I"/home/yassine/Documents/CRS/BUS_CAN/rescapt/inc" -I"/home/yassine/Documents/CRS/BUS_CAN/rescapt/CMSIS/device" -I"/home/yassine/Documents/CRS/BUS_CAN/rescapt/CMSIS/core" -I"/home/yassine/Documents/CRS/BUS_CAN/rescapt/HAL_Driver/Inc" -O0 -ffunction-sections -Wall -fcommon -fstack-usage -fcyclomatic-complexity -MMD -MP -MF"src/dynamixel.d" -MT"src/dynamixel.o" --specs=nano.specs -mfloat-abi=soft -mthumb -o "src/dynamixel.o"
arm-none-eabi-gcc "../src/main.c" -mcpu=cortex-m3 -std=gnu11 -g3 -DSTM32 -DSTM32F1 -DSTM32F103RBTx -DNUCLEO_F103RB -DDEBUG -DSTM32F103xB -DUSE_HAL_DRIVER -c -I"/home/yassine/Documents/CRS/BUS_CAN/rescapt/HAL_Driver/Inc/Legacy" -I"/home/yassine/Documents/CRS/BUS_CAN/rescapt/src/vl6180x" -I"/home/yassine/Documents/CRS/BUS_CAN/rescapt/Utilities/STM32F1xx_Nucleo" -I"/home/yassine/Documents/CRS/BUS_CAN/rescapt/inc" -I"/home/yassine/Documents/CRS/BUS_CAN/rescapt/CMSIS/device" -I"/home/yassine/Documents/CRS/BUS_CAN/rescapt/CMSIS/core" -I"/home/yassine/Documents/CRS/BUS_CAN/rescapt/HAL_Driver/Inc" -O0 -ffunction-sections -Wall -fcommon -fstack-usage -fcyclomatic-complexity -MMD -MP -MF"src/main.d" -MT"src/main.o" --specs=nano.specs -mfloat-abi=soft -mthumb -o "src/main.o"
../src/main.c: In function 'main':
../src/main.c:48:9: warning: implicit declaration of function 'uart1_Init'; did you mean 'uart3_Init'? [-Wimplicit-function-declaration]
   48 |         uart1_Init();
      |         ^~~~~~~~~~
      |         uart3_Init
arm-none-eabi-gcc "../src/mpu9250.c" -mcpu=cortex-m3 -std=gnu11 -g3 -DSTM32 -DSTM32F1 -DSTM32F103RBTx -DNUCLEO_F103RB -DDEBUG -DSTM32F103xB -DUSE_HAL_DRIVER -c -I"/home/yassine/Documents/CRS/BUS_CAN/rescapt/HAL_Driver/Inc/Legacy" -I"/home/yassine/Documents/CRS/BUS_CAN/rescapt/src/vl6180x" -I"/home/yassine/Documents/CRS/BUS_CAN/rescapt/Utilities/STM32F1xx_Nucleo" -I"/home/yassine/Documents/CRS/BUS_CAN/rescapt/inc" -I"/home/yassine/Documents/CRS/BUS_CAN/rescapt/CMSIS/device" -I"/home/yassine/Documents/CRS/BUS_CAN/rescapt/CMSIS/core" -I"/home/yassine/Documents/CRS/BUS_CAN/rescapt/HAL_Driver/Inc" -O0 -ffunction-sections -Wall -fcommon -fstack-usage -fcyclomatic-complexity -MMD -MP -MF"src/mpu9250.d" -MT"src/mpu9250.o" --specs=nano.specs -mfloat-abi=soft -mthumb -o "src/mpu9250.o"
arm-none-eabi-gcc "../src/stm32f1xx_hal_msp.c" -mcpu=cortex-m3 -std=gnu11 -g3 -DSTM32 -DSTM32F1 -DSTM32F103RBTx -DNUCLEO_F103RB -DDEBUG -DSTM32F103xB -DUSE_HAL_DRIVER -c -I"/home/yassine/Documents/CRS/BUS_CAN/rescapt/HAL_Driver/Inc/Legacy" -I"/home/yassine/Documents/CRS/BUS_CAN/rescapt/src/vl6180x" -I"/home/yassine/Documents/CRS/BUS_CAN/rescapt/Utilities/STM32F1xx_Nucleo" -I"/home/yassine/Documents/CRS/BUS_CAN/rescapt/inc" -I"/home/yassine/Documents/CRS/BUS_CAN/rescapt/CMSIS/device" -I"/home/yassine/Documents/CRS/BUS_CAN/rescapt/CMSIS/core" -I"/home/yassine/Documents/CRS/BUS_CAN/rescapt/HAL_Driver/Inc" -O0 -ffunction-sections -Wall -fcommon -fstack-usage -fcyclomatic-complexity -MMD -MP -MF"src/stm32f1xx_hal_msp.d" -MT"src/stm32f1xx_hal_msp.o" --specs=nano.specs -mfloat-abi=soft -mthumb -o "src/stm32f1xx_hal_msp.o"
arm-none-eabi-gcc "../src/stm32f1xx_it.c" -mcpu=cortex-m3 -std=gnu11 -g3 -DSTM32 -DSTM32F1 -DSTM32F103RBTx -DNUCLEO_F103RB -DDEBUG -DSTM32F103xB -DUSE_HAL_DRIVER -c -I"/home/yassine/Documents/CRS/BUS_CAN/rescapt/HAL_Driver/Inc/Legacy" -I"/home/yassine/Documents/CRS/BUS_CAN/rescapt/src/vl6180x" -I"/home/yassine/Documents/CRS/BUS_CAN/rescapt/Utilities/STM32F1xx_Nucleo" -I"/home/yassine/Documents/CRS/BUS_CAN/rescapt/inc" -I"/home/yassine/Documents/CRS/BUS_CAN/rescapt/CMSIS/device" -I"/home/yassine/Documents/CRS/BUS_CAN/rescapt/CMSIS/core" -I"/home/yassine/Documents/CRS/BUS_CAN/rescapt/HAL_Driver/Inc" -O0 -ffunction-sections -Wall -fcommon -fstack-usage -fcyclomatic-complexity -MMD -MP -MF"src/stm32f1xx_it.d" -MT"src/stm32f1xx_it.o" --specs=nano.specs -mfloat-abi=soft -mthumb -o "src/stm32f1xx_it.o"
arm-none-eabi-gcc "../src/syscalls.c" -mcpu=cortex-m3 -std=gnu11 -g3 -DSTM32 -DSTM32F1 -DSTM32F103RBTx -DNUCLEO_F103RB -DDEBUG -DSTM32F103xB -DUSE_HAL_DRIVER -c -I"/home/yassine/Documents/CRS/BUS_CAN/rescapt/HAL_Driver/Inc/Legacy" -I"/home/yassine/Documents/CRS/BUS_CAN/rescapt/src/vl6180x" -I"/home/yassine/Documents/CRS/BUS_CAN/rescapt/Utilities/STM32F1xx_Nucleo" -I"/home/yassine/Documents/CRS/BUS_CAN/rescapt/inc" -I"/home/yassine/Documents/CRS/BUS_CAN/rescapt/CMSIS/device" -I"/home/yassine/Documents/CRS/BUS_CAN/rescapt/CMSIS/core" -I"/home/yassine/Documents/CRS/BUS_CAN/rescapt/HAL_Driver/Inc" -O0 -ffunction-sections -Wall -fcommon -fstack-usage -fcyclomatic-complexity -MMD -MP -MF"src/syscalls.d" -MT"src/syscalls.o" --specs=nano.specs -mfloat-abi=soft -mthumb -o "src/syscalls.o"
arm-none-eabi-gcc "../src/systemClock.c" -mcpu=cortex-m3 -std=gnu11 -g3 -DSTM32 -DSTM32F1 -DSTM32F103RBTx -DNUCLEO_F103RB -DDEBUG -DSTM32F103xB -DUSE_HAL_DRIVER -c -I"/home/yassine/Documents/CRS/BUS_CAN/rescapt/HAL_Driver/Inc/Legacy" -I"/home/yassine/Documents/CRS/BUS_CAN/rescapt/src/vl6180x" -I"/home/yassine/Documents/CRS/BUS_CAN/rescapt/Utilities/STM32F1xx_Nucleo" -I"/home/yassine/Documents/CRS/BUS_CAN/rescapt/inc" -I"/home/yassine/Documents/CRS/BUS_CAN/rescapt/CMSIS/device" -I"/home/yassine/Documents/CRS/BUS_CAN/rescapt/CMSIS/core" -I"/home/yassine/Documents/CRS/BUS_CAN/rescapt/HAL_Driver/Inc" -O0 -ffunction-sections -Wall -fcommon -fstack-usage -fcyclomatic-complexity -MMD -MP -MF"src/systemClock.d" -MT"src/systemClock.o" --specs=nano.specs -mfloat-abi=soft -mthumb -o "src/systemClock.o"
arm-none-eabi-gcc "../src/system_stm32f1xx.c" -mcpu=cortex-m3 -std=gnu11 -g3 -DSTM32 -DSTM32F1 -DSTM32F103RBTx -DNUCLEO_F103RB -DDEBUG -DSTM32F103xB -DUSE_HAL_DRIVER -c -I"/home/yassine/Documents/CRS/BUS_CAN/rescapt/HAL_Driver/Inc/Legacy" -I"/home/yassine/Documents/CRS/BUS_CAN/rescapt/src/vl6180x" -I"/home/yassine/Documents/CRS/BUS_CAN/rescapt/Utilities/STM32F1xx_Nucleo" -I"/home/yassine/Documents/CRS/BUS_CAN/rescapt/inc" -I"/home/yassine/Documents/CRS/BUS_CAN/rescapt/CMSIS/device" -I"/home/yassine/Documents/CRS/BUS_CAN/rescapt/CMSIS/core" -I"/home/yassine/Documents/CRS/BUS_CAN/rescapt/HAL_Driver/Inc" -O0 -ffunction-sections -Wall -fcommon -fstack-usage -fcyclomatic-complexity -MMD -MP -MF"src/system_stm32f1xx.d" -MT"src/system_stm32f1xx.o" --specs=nano.specs -mfloat-abi=soft -mthumb -o "src/system_stm32f1xx.o"
arm-none-eabi-gcc "../src/tickTimer.c" -mcpu=cortex-m3 -std=gnu11 -g3 -DSTM32 -DSTM32F1 -DSTM32F103RBTx -DNUCLEO_F103RB -DDEBUG -DSTM32F103xB -DUSE_HAL_DRIVER -c -I"/home/yassine/Documents/CRS/BUS_CAN/rescapt/HAL_Driver/Inc/Legacy" -I"/home/yassine/Documents/CRS/BUS_CAN/rescapt/src/vl6180x" -I"/home/yassine/Documents/CRS/BUS_CAN/rescapt/Utilities/STM32F1xx_Nucleo" -I"/home/yassine/Documents/CRS/BUS_CAN/rescapt/inc" -I"/home/yassine/Documents/CRS/BUS_CAN/rescapt/CMSIS/device" -I"/home/yassine/Documents/CRS/BUS_CAN/rescapt/CMSIS/core" -I"/home/yassine/Documents/CRS/BUS_CAN/rescapt/HAL_Driver/Inc" -O0 -ffunction-sections -Wall -fcommon -fstack-usage -fcyclomatic-complexity -MMD -MP -MF"src/tickTimer.d" -MT"src/tickTimer.o" --specs=nano.specs -mfloat-abi=soft -mthumb -o "src/tickTimer.o"
arm-none-eabi-gcc "../src/util.c" -mcpu=cortex-m3 -std=gnu11 -g3 -DSTM32 -DSTM32F1 -DSTM32F103RBTx -DNUCLEO_F103RB -DDEBUG -DSTM32F103xB -DUSE_HAL_DRIVER -c -I"/home/yassine/Documents/CRS/BUS_CAN/rescapt/HAL_Driver/Inc/Legacy" -I"/home/yassine/Documents/CRS/BUS_CAN/rescapt/src/vl6180x" -I"/home/yassine/Documents/CRS/BUS_CAN/rescapt/Utilities/STM32F1xx_Nucleo" -I"/home/yassine/Documents/CRS/BUS_CAN/rescapt/inc" -I"/home/yassine/Documents/CRS/BUS_CAN/rescapt/CMSIS/device" -I"/home/yassine/Documents/CRS/BUS_CAN/rescapt/CMSIS/core" -I"/home/yassine/Documents/CRS/BUS_CAN/rescapt/HAL_Driver/Inc" -O0 -ffunction-sections -Wall -fcommon -fstack-usage -fcyclomatic-complexity -MMD -MP -MF"src/util.d" -MT"src/util.o" --specs=nano.specs -mfloat-abi=soft -mthumb -o "src/util.o"
arm-none-eabi-gcc "../Utilities/STM32F1xx_Nucleo/stm32f1xx_nucleo.c" -mcpu=cortex-m3 -std=gnu11 -g3 -DSTM32 -DSTM32F1 -DSTM32F103RBTx -DNUCLEO_F103RB -DDEBUG -DSTM32F103xB -DUSE_HAL_DRIVER -c -I"/home/yassine/Documents/CRS/BUS_CAN/rescapt/HAL_Driver/Inc/Legacy" -I"/home/yassine/Documents/CRS/BUS_CAN/rescapt/src/vl6180x" -I"/home/yassine/Documents/CRS/BUS_CAN/rescapt/Utilities/STM32F1xx_Nucleo" -I"/home/yassine/Documents/CRS/BUS_CAN/rescapt/inc" -I"/home/yassine/Documents/CRS/BUS_CAN/rescapt/CMSIS/device" -I"/home/yassine/Documents/CRS/BUS_CAN/rescapt/CMSIS/core" -I"/home/yassine/Documents/CRS/BUS_CAN/rescapt/HAL_Driver/Inc" -O0 -ffunction-sections -Wall -fcommon -fstack-usage -fcyclomatic-complexity -MMD -MP -MF"Utilities/STM32F1xx_Nucleo/stm32f1xx_nucleo.d" -MT"Utilities/STM32F1xx_Nucleo/stm32f1xx_nucleo.o" --specs=nano.specs -mfloat-abi=soft -mthumb -o "Utilities/STM32F1xx_Nucleo/stm32f1xx_nucleo.o"
arm-none-eabi-gcc "../HAL_Driver/Src/stm32f1xx_hal.c" -mcpu=cortex-m3 -std=gnu11 -g3 -DSTM32 -DSTM32F1 -DSTM32F103RBTx -DNUCLEO_F103RB -DDEBUG -DSTM32F103xB -DUSE_HAL_DRIVER -c -I"/home/yassine/Documents/CRS/BUS_CAN/rescapt/HAL_Driver/Inc/Legacy" -I"/home/yassine/Documents/CRS/BUS_CAN/rescapt/src/vl6180x" -I"/home/yassine/Documents/CRS/BUS_CAN/rescapt/Utilities/STM32F1xx_Nucleo" -I"/home/yassine/Documents/CRS/BUS_CAN/rescapt/inc" -I"/home/yassine/Documents/CRS/BUS_CAN/rescapt/CMSIS/device" -I"/home/yassine/Documents/CRS/BUS_CAN/rescapt/CMSIS/core" -I"/home/yassine/Documents/CRS/BUS_CAN/rescapt/HAL_Driver/Inc" -O0 -ffunction-sections -Wall -fcommon -fstack-usage -fcyclomatic-complexity -MMD -MP -MF"HAL_Driver/Src/stm32f1xx_hal.d" -MT"HAL_Driver/Src/stm32f1xx_hal.o" --specs=nano.specs -mfloat-abi=soft -mthumb -o "HAL_Driver/Src/stm32f1xx_hal.o"
arm-none-eabi-gcc "../HAL_Driver/Src/stm32f1xx_hal_adc.c" -mcpu=cortex-m3 -std=gnu11 -g3 -DSTM32 -DSTM32F1 -DSTM32F103RBTx -DNUCLEO_F103RB -DDEBUG -DSTM32F103xB -DUSE_HAL_DRIVER -c -I"/home/yassine/Documents/CRS/BUS_CAN/rescapt/HAL_Driver/Inc/Legacy" -I"/home/yassine/Documents/CRS/BUS_CAN/rescapt/src/vl6180x" -I"/home/yassine/Documents/CRS/BUS_CAN/rescapt/Utilities/STM32F1xx_Nucleo" -I"/home/yassine/Documents/CRS/BUS_CAN/rescapt/inc" -I"/home/yassine/Documents/CRS/BUS_CAN/rescapt/CMSIS/device" -I"/home/yassine/Documents/CRS/BUS_CAN/rescapt/CMSIS/core" -I"/home/yassine/Documents/CRS/BUS_CAN/rescapt/HAL_Driver/Inc" -O0 -ffunction-sections -Wall -fcommon -fstack-usage -fcyclomatic-complexity -MMD -MP -MF"HAL_Driver/Src/stm32f1xx_hal_adc.d" -MT"HAL_Driver/Src/stm32f1xx_hal_adc.o" --specs=nano.specs -mfloat-abi=soft -mthumb -o "HAL_Driver/Src/stm32f1xx_hal_adc.o"
arm-none-eabi-gcc "../HAL_Driver/Src/stm32f1xx_hal_adc_ex.c" -mcpu=cortex-m3 -std=gnu11 -g3 -DSTM32 -DSTM32F1 -DSTM32F103RBTx -DNUCLEO_F103RB -DDEBUG -DSTM32F103xB -DUSE_HAL_DRIVER -c -I"/home/yassine/Documents/CRS/BUS_CAN/rescapt/HAL_Driver/Inc/Legacy" -I"/home/yassine/Documents/CRS/BUS_CAN/rescapt/src/vl6180x" -I"/home/yassine/Documents/CRS/BUS_CAN/rescapt/Utilities/STM32F1xx_Nucleo" -I"/home/yassine/Documents/CRS/BUS_CAN/rescapt/inc" -I"/home/yassine/Documents/CRS/BUS_CAN/rescapt/CMSIS/device" -I"/home/yassine/Documents/CRS/BUS_CAN/rescapt/CMSIS/core" -I"/home/yassine/Documents/CRS/BUS_CAN/rescapt/HAL_Driver/Inc" -O0 -ffunction-sections -Wall -fcommon -fstack-usage -fcyclomatic-complexity -MMD -MP -MF"HAL_Driver/Src/stm32f1xx_hal_adc_ex.d" -MT"HAL_Driver/Src/stm32f1xx_hal_adc_ex.o" --specs=nano.specs -mfloat-abi=soft -mthumb -o "HAL_Driver/Src/stm32f1xx_hal_adc_ex.o"
arm-none-eabi-gcc "../HAL_Driver/Src/stm32f1xx_hal_can.c" -mcpu=cortex-m3 -std=gnu11 -g3 -DSTM32 -DSTM32F1 -DSTM32F103RBTx -DNUCLEO_F103RB -DDEBUG -DSTM32F103xB -DUSE_HAL_DRIVER -c -I"/home/yassine/Documents/CRS/BUS_CAN/rescapt/HAL_Driver/Inc/Legacy" -I"/home/yassine/Documents/CRS/BUS_CAN/rescapt/src/vl6180x" -I"/home/yassine/Documents/CRS/BUS_CAN/rescapt/Utilities/STM32F1xx_Nucleo" -I"/home/yassine/Documents/CRS/BUS_CAN/rescapt/inc" -I"/home/yassine/Documents/CRS/BUS_CAN/rescapt/CMSIS/device" -I"/home/yassine/Documents/CRS/BUS_CAN/rescapt/CMSIS/core" -I"/home/yassine/Documents/CRS/BUS_CAN/rescapt/HAL_Driver/Inc" -O0 -ffunction-sections -Wall -fcommon -fstack-usage -fcyclomatic-complexity -MMD -MP -MF"HAL_Driver/Src/stm32f1xx_hal_can.d" -MT"HAL_Driver/Src/stm32f1xx_hal_can.o" --specs=nano.specs -mfloat-abi=soft -mthumb -o "HAL_Driver/Src/stm32f1xx_hal_can.o"
arm-none-eabi-gcc "../HAL_Driver/Src/stm32f1xx_hal_cec.c" -mcpu=cortex-m3 -std=gnu11 -g3 -DSTM32 -DSTM32F1 -DSTM32F103RBTx -DNUCLEO_F103RB -DDEBUG -DSTM32F103xB -DUSE_HAL_DRIVER -c -I"/home/yassine/Documents/CRS/BUS_CAN/rescapt/HAL_Driver/Inc/Legacy" -I"/home/yassine/Documents/CRS/BUS_CAN/rescapt/src/vl6180x" -I"/home/yassine/Documents/CRS/BUS_CAN/rescapt/Utilities/STM32F1xx_Nucleo" -I"/home/yassine/Documents/CRS/BUS_CAN/rescapt/inc" -I"/home/yassine/Documents/CRS/BUS_CAN/rescapt/CMSIS/device" -I"/home/yassine/Documents/CRS/BUS_CAN/rescapt/CMSIS/core" -I"/home/yassine/Documents/CRS/BUS_CAN/rescapt/HAL_Driver/Inc" -O0 -ffunction-sections -Wall -fcommon -fstack-usage -fcyclomatic-complexity -MMD -MP -MF"HAL_Driver/Src/stm32f1xx_hal_cec.d" -MT"HAL_Driver/Src/stm32f1xx_hal_cec.o" --specs=nano.specs -mfloat-abi=soft -mthumb -o "HAL_Driver/Src/stm32f1xx_hal_cec.o"
arm-none-eabi-gcc "../HAL_Driver/Src/stm32f1xx_hal_cortex.c" -mcpu=cortex-m3 -std=gnu11 -g3 -DSTM32 -DSTM32F1 -DSTM32F103RBTx -DNUCLEO_F103RB -DDEBUG -DSTM32F103xB -DUSE_HAL_DRIVER -c -I"/home/yassine/Documents/CRS/BUS_CAN/rescapt/HAL_Driver/Inc/Legacy" -I"/home/yassine/Documents/CRS/BUS_CAN/rescapt/src/vl6180x" -I"/home/yassine/Documents/CRS/BUS_CAN/rescapt/Utilities/STM32F1xx_Nucleo" -I"/home/yassine/Documents/CRS/BUS_CAN/rescapt/inc" -I"/home/yassine/Documents/CRS/BUS_CAN/rescapt/CMSIS/device" -I"/home/yassine/Documents/CRS/BUS_CAN/rescapt/CMSIS/core" -I"/home/yassine/Documents/CRS/BUS_CAN/rescapt/HAL_Driver/Inc" -O0 -ffunction-sections -Wall -fcommon -fstack-usage -fcyclomatic-complexity -MMD -MP -MF"HAL_Driver/Src/stm32f1xx_hal_cortex.d" -MT"HAL_Driver/Src/stm32f1xx_hal_cortex.o" --specs=nano.specs -mfloat-abi=soft -mthumb -o "HAL_Driver/Src/stm32f1xx_hal_cortex.o"
arm-none-eabi-gcc "../HAL_Driver/Src/stm32f1xx_hal_crc.c" -mcpu=cortex-m3 -std=gnu11 -g3 -DSTM32 -DSTM32F1 -DSTM32F103RBTx -DNUCLEO_F103RB -DDEBUG -DSTM32F103xB -DUSE_HAL_DRIVER -c -I"/home/yassine/Documents/CRS/BUS_CAN/rescapt/HAL_Driver/Inc/Legacy" -I"/home/yassine/Documents/CRS/BUS_CAN/rescapt/src/vl6180x" -I"/home/yassine/Documents/CRS/BUS_CAN/rescapt/Utilities/STM32F1xx_Nucleo" -I"/home/yassine/Documents/CRS/BUS_CAN/rescapt/inc" -I"/home/yassine/Documents/CRS/BUS_CAN/rescapt/CMSIS/device" -I"/home/yassine/Documents/CRS/BUS_CAN/rescapt/CMSIS/core" -I"/home/yassine/Documents/CRS/BUS_CAN/rescapt/HAL_Driver/Inc" -O0 -ffunction-sections -Wall -fcommon -fstack-usage -fcyclomatic-complexity -MMD -MP -MF"HAL_Driver/Src/stm32f1xx_hal_crc.d" -MT"HAL_Driver/Src/stm32f1xx_hal_crc.o" --specs=nano.specs -mfloat-abi=soft -mthumb -o "HAL_Driver/Src/stm32f1xx_hal_crc.o"
arm-none-eabi-gcc "../HAL_Driver/Src/stm32f1xx_hal_dac.c" -mcpu=cortex-m3 -std=gnu11 -g3 -DSTM32 -DSTM32F1 -DSTM32F103RBTx -DNUCLEO_F103RB -DDEBUG -DSTM32F103xB -DUSE_HAL_DRIVER -c -I"/home/yassine/Documents/CRS/BUS_CAN/rescapt/HAL_Driver/Inc/Legacy" -I"/home/yassine/Documents/CRS/BUS_CAN/rescapt/src/vl6180x" -I"/home/yassine/Documents/CRS/BUS_CAN/rescapt/Utilities/STM32F1xx_Nucleo" -I"/home/yassine/Documents/CRS/BUS_CAN/rescapt/inc" -I"/home/yassine/Documents/CRS/BUS_CAN/rescapt/CMSIS/device" -I"/home/yassine/Documents/CRS/BUS_CAN/rescapt/CMSIS/core" -I"/home/yassine/Documents/CRS/BUS_CAN/rescapt/HAL_Driver/Inc" -O0 -ffunction-sections -Wall -fcommon -fstack-usage -fcyclomatic-complexity -MMD -MP -MF"HAL_Driver/Src/stm32f1xx_hal_dac.d" -MT"HAL_Driver/Src/stm32f1xx_hal_dac.o" --specs=nano.specs -mfloat-abi=soft -mthumb -o "HAL_Driver/Src/stm32f1xx_hal_dac.o"
arm-none-eabi-gcc "../HAL_Driver/Src/stm32f1xx_hal_dac_ex.c" -mcpu=cortex-m3 -std=gnu11 -g3 -DSTM32 -DSTM32F1 -DSTM32F103RBTx -DNUCLEO_F103RB -DDEBUG -DSTM32F103xB -DUSE_HAL_DRIVER -c -I"/home/yassine/Documents/CRS/BUS_CAN/rescapt/HAL_Driver/Inc/Legacy" -I"/home/yassine/Documents/CRS/BUS_CAN/rescapt/src/vl6180x" -I"/home/yassine/Documents/CRS/BUS_CAN/rescapt/Utilities/STM32F1xx_Nucleo" -I"/home/yassine/Documents/CRS/BUS_CAN/rescapt/inc" -I"/home/yassine/Documents/CRS/BUS_CAN/rescapt/CMSIS/device" -I"/home/yassine/Documents/CRS/BUS_CAN/rescapt/CMSIS/core" -I"/home/yassine/Documents/CRS/BUS_CAN/rescapt/HAL_Driver/Inc" -O0 -ffunction-sections -Wall -fcommon -fstack-usage -fcyclomatic-complexity -MMD -MP -MF"HAL_Driver/Src/stm32f1xx_hal_dac_ex.d" -MT"HAL_Driver/Src/stm32f1xx_hal_dac_ex.o" --specs=nano.specs -mfloat-abi=soft -mthumb -o "HAL_Driver/Src/stm32f1xx_hal_dac_ex.o"
arm-none-eabi-gcc "../HAL_Driver/Src/stm32f1xx_hal_dma.c" -mcpu=cortex-m3 -std=gnu11 -g3 -DSTM32 -DSTM32F1 -DSTM32F103RBTx -DNUCLEO_F103RB -DDEBUG -DSTM32F103xB -DUSE_HAL_DRIVER -c -I"/home/yassine/Documents/CRS/BUS_CAN/rescapt/HAL_Driver/Inc/Legacy" -I"/home/yassine/Documents/CRS/BUS_CAN/rescapt/src/vl6180x" -I"/home/yassine/Documents/CRS/BUS_CAN/rescapt/Utilities/STM32F1xx_Nucleo" -I"/home/yassine/Documents/CRS/BUS_CAN/rescapt/inc" -I"/home/yassine/Documents/CRS/BUS_CAN/rescapt/CMSIS/device" -I"/home/yassine/Documents/CRS/BUS_CAN/rescapt/CMSIS/core" -I"/home/yassine/Documents/CRS/BUS_CAN/rescapt/HAL_Driver/Inc" -O0 -ffunction-sections -Wall -fcommon -fstack-usage -fcyclomatic-complexity -MMD -MP -MF"HAL_Driver/Src/stm32f1xx_hal_dma.d" -MT"HAL_Driver/Src/stm32f1xx_hal_dma.o" --specs=nano.specs -mfloat-abi=soft -mthumb -o "HAL_Driver/Src/stm32f1xx_hal_dma.o"
arm-none-eabi-gcc "../HAL_Driver/Src/stm32f1xx_hal_eth.c" -mcpu=cortex-m3 -std=gnu11 -g3 -DSTM32 -DSTM32F1 -DSTM32F103RBTx -DNUCLEO_F103RB -DDEBUG -DSTM32F103xB -DUSE_HAL_DRIVER -c -I"/home/yassine/Documents/CRS/BUS_CAN/rescapt/HAL_Driver/Inc/Legacy" -I"/home/yassine/Documents/CRS/BUS_CAN/rescapt/src/vl6180x" -I"/home/yassine/Documents/CRS/BUS_CAN/rescapt/Utilities/STM32F1xx_Nucleo" -I"/home/yassine/Documents/CRS/BUS_CAN/rescapt/inc" -I"/home/yassine/Documents/CRS/BUS_CAN/rescapt/CMSIS/device" -I"/home/yassine/Documents/CRS/BUS_CAN/rescapt/CMSIS/core" -I"/home/yassine/Documents/CRS/BUS_CAN/rescapt/HAL_Driver/Inc" -O0 -ffunction-sections -Wall -fcommon -fstack-usage -fcyclomatic-complexity -MMD -MP -MF"HAL_Driver/Src/stm32f1xx_hal_eth.d" -MT"HAL_Driver/Src/stm32f1xx_hal_eth.o" --specs=nano.specs -mfloat-abi=soft -mthumb -o "HAL_Driver/Src/stm32f1xx_hal_eth.o"
arm-none-eabi-gcc "../HAL_Driver/Src/stm32f1xx_hal_flash.c" -mcpu=cortex-m3 -std=gnu11 -g3 -DSTM32 -DSTM32F1 -DSTM32F103RBTx -DNUCLEO_F103RB -DDEBUG -DSTM32F103xB -DUSE_HAL_DRIVER -c -I"/home/yassine/Documents/CRS/BUS_CAN/rescapt/HAL_Driver/Inc/Legacy" -I"/home/yassine/Documents/CRS/BUS_CAN/rescapt/src/vl6180x" -I"/home/yassine/Documents/CRS/BUS_CAN/rescapt/Utilities/STM32F1xx_Nucleo" -I"/home/yassine/Documents/CRS/BUS_CAN/rescapt/inc" -I"/home/yassine/Documents/CRS/BUS_CAN/rescapt/CMSIS/device" -I"/home/yassine/Documents/CRS/BUS_CAN/rescapt/CMSIS/core" -I"/home/yassine/Documents/CRS/BUS_CAN/rescapt/HAL_Driver/Inc" -O0 -ffunction-sections -Wall -fcommon -fstack-usage -fcyclomatic-complexity -MMD -MP -MF"HAL_Driver/Src/stm32f1xx_hal_flash.d" -MT"HAL_Driver/Src/stm32f1xx_hal_flash.o" --specs=nano.specs -mfloat-abi=soft -mthumb -o "HAL_Driver/Src/stm32f1xx_hal_flash.o"
arm-none-eabi-gcc "../HAL_Driver/Src/stm32f1xx_hal_flash_ex.c" -mcpu=cortex-m3 -std=gnu11 -g3 -DSTM32 -DSTM32F1 -DSTM32F103RBTx -DNUCLEO_F103RB -DDEBUG -DSTM32F103xB -DUSE_HAL_DRIVER -c -I"/home/yassine/Documents/CRS/BUS_CAN/rescapt/HAL_Driver/Inc/Legacy" -I"/home/yassine/Documents/CRS/BUS_CAN/rescapt/src/vl6180x" -I"/home/yassine/Documents/CRS/BUS_CAN/rescapt/Utilities/STM32F1xx_Nucleo" -I"/home/yassine/Documents/CRS/BUS_CAN/rescapt/inc" -I"/home/yassine/Documents/CRS/BUS_CAN/rescapt/CMSIS/device" -I"/home/yassine/Documents/CRS/BUS_CAN/rescapt/CMSIS/core" -I"/home/yassine/Documents/CRS/BUS_CAN/rescapt/HAL_Driver/Inc" -O0 -ffunction-sections -Wall -fcommon -fstack-usage -fcyclomatic-complexity -MMD -MP -MF"HAL_Driver/Src/stm32f1xx_hal_flash_ex.d" -MT"HAL_Driver/Src/stm32f1xx_hal_flash_ex.o" --specs=nano.specs -mfloat-abi=soft -mthumb -o "HAL_Driver/Src/stm32f1xx_hal_flash_ex.o"
arm-none-eabi-gcc "../HAL_Driver/Src/stm32f1xx_hal_gpio.c" -mcpu=cortex-m3 -std=gnu11 -g3 -DSTM32 -DSTM32F1 -DSTM32F103RBTx -DNUCLEO_F103RB -DDEBUG -DSTM32F103xB -DUSE_HAL_DRIVER -c -I"/home/yassine/Documents/CRS/BUS_CAN/rescapt/HAL_Driver/Inc/Legacy" -I"/home/yassine/Documents/CRS/BUS_CAN/rescapt/src/vl6180x" -I"/home/yassine/Documents/CRS/BUS_CAN/rescapt/Utilities/STM32F1xx_Nucleo" -I"/home/yassine/Documents/CRS/BUS_CAN/rescapt/inc" -I"/home/yassine/Documents/CRS/BUS_CAN/rescapt/CMSIS/device" -I"/home/yassine/Documents/CRS/BUS_CAN/rescapt/CMSIS/core" -I"/home/yassine/Documents/CRS/BUS_CAN/rescapt/HAL_Driver/Inc" -O0 -ffunction-sections -Wall -fcommon -fstack-usage -fcyclomatic-complexity -MMD -MP -MF"HAL_Driver/Src/stm32f1xx_hal_gpio.d" -MT"HAL_Driver/Src/stm32f1xx_hal_gpio.o" --specs=nano.specs -mfloat-abi=soft -mthumb -o "HAL_Driver/Src/stm32f1xx_hal_gpio.o"
arm-none-eabi-gcc "../HAL_Driver/Src/stm32f1xx_hal_gpio_ex.c" -mcpu=cortex-m3 -std=gnu11 -g3 -DSTM32 -DSTM32F1 -DSTM32F103RBTx -DNUCLEO_F103RB -DDEBUG -DSTM32F103xB -DUSE_HAL_DRIVER -c -I"/home/yassine/Documents/CRS/BUS_CAN/rescapt/HAL_Driver/Inc/Legacy" -I"/home/yassine/Documents/CRS/BUS_CAN/rescapt/src/vl6180x" -I"/home/yassine/Documents/CRS/BUS_CAN/rescapt/Utilities/STM32F1xx_Nucleo" -I"/home/yassine/Documents/CRS/BUS_CAN/rescapt/inc" -I"/home/yassine/Documents/CRS/BUS_CAN/rescapt/CMSIS/device" -I"/home/yassine/Documents/CRS/BUS_CAN/rescapt/CMSIS/core" -I"/home/yassine/Documents/CRS/BUS_CAN/rescapt/HAL_Driver/Inc" -O0 -ffunction-sections -Wall -fcommon -fstack-usage -fcyclomatic-complexity -MMD -MP -MF"HAL_Driver/Src/stm32f1xx_hal_gpio_ex.d" -MT"HAL_Driver/Src/stm32f1xx_hal_gpio_ex.o" --specs=nano.specs -mfloat-abi=soft -mthumb -o "HAL_Driver/Src/stm32f1xx_hal_gpio_ex.o"
arm-none-eabi-gcc "../HAL_Driver/Src/stm32f1xx_hal_hcd.c" -mcpu=cortex-m3 -std=gnu11 -g3 -DSTM32 -DSTM32F1 -DSTM32F103RBTx -DNUCLEO_F103RB -DDEBUG -DSTM32F103xB -DUSE_HAL_DRIVER -c -I"/home/yassine/Documents/CRS/BUS_CAN/rescapt/HAL_Driver/Inc/Legacy" -I"/home/yassine/Documents/CRS/BUS_CAN/rescapt/src/vl6180x" -I"/home/yassine/Documents/CRS/BUS_CAN/rescapt/Utilities/STM32F1xx_Nucleo" -I"/home/yassine/Documents/CRS/BUS_CAN/rescapt/inc" -I"/home/yassine/Documents/CRS/BUS_CAN/rescapt/CMSIS/device" -I"/home/yassine/Documents/CRS/BUS_CAN/rescapt/CMSIS/core" -I"/home/yassine/Documents/CRS/BUS_CAN/rescapt/HAL_Driver/Inc" -O0 -ffunction-sections -Wall -fcommon -fstack-usage -fcyclomatic-complexity -MMD -MP -MF"HAL_Driver/Src/stm32f1xx_hal_hcd.d" -MT"HAL_Driver/Src/stm32f1xx_hal_hcd.o" --specs=nano.specs -mfloat-abi=soft -mthumb -o "HAL_Driver/Src/stm32f1xx_hal_hcd.o"
arm-none-eabi-gcc "../HAL_Driver/Src/stm32f1xx_hal_i2c.c" -mcpu=cortex-m3 -std=gnu11 -g3 -DSTM32 -DSTM32F1 -DSTM32F103RBTx -DNUCLEO_F103RB -DDEBUG -DSTM32F103xB -DUSE_HAL_DRIVER -c -I"/home/yassine/Documents/CRS/BUS_CAN/rescapt/HAL_Driver/Inc/Legacy" -I"/home/yassine/Documents/CRS/BUS_CAN/rescapt/src/vl6180x" -I"/home/yassine/Documents/CRS/BUS_CAN/rescapt/Utilities/STM32F1xx_Nucleo" -I"/home/yassine/Documents/CRS/BUS_CAN/rescapt/inc" -I"/home/yassine/Documents/CRS/BUS_CAN/rescapt/CMSIS/device" -I"/home/yassine/Documents/CRS/BUS_CAN/rescapt/CMSIS/core" -I"/home/yassine/Documents/CRS/BUS_CAN/rescapt/HAL_Driver/Inc" -O0 -ffunction-sections -Wall -fcommon -fstack-usage -fcyclomatic-complexity -MMD -MP -MF"HAL_Driver/Src/stm32f1xx_hal_i2c.d" -MT"HAL_Driver/Src/stm32f1xx_hal_i2c.o" --specs=nano.specs -mfloat-abi=soft -mthumb -o "HAL_Driver/Src/stm32f1xx_hal_i2c.o"
arm-none-eabi-gcc "../HAL_Driver/Src/stm32f1xx_hal_i2s.c" -mcpu=cortex-m3 -std=gnu11 -g3 -DSTM32 -DSTM32F1 -DSTM32F103RBTx -DNUCLEO_F103RB -DDEBUG -DSTM32F103xB -DUSE_HAL_DRIVER -c -I"/home/yassine/Documents/CRS/BUS_CAN/rescapt/HAL_Driver/Inc/Legacy" -I"/home/yassine/Documents/CRS/BUS_CAN/rescapt/src/vl6180x" -I"/home/yassine/Documents/CRS/BUS_CAN/rescapt/Utilities/STM32F1xx_Nucleo" -I"/home/yassine/Documents/CRS/BUS_CAN/rescapt/inc" -I"/home/yassine/Documents/CRS/BUS_CAN/rescapt/CMSIS/device" -I"/home/yassine/Documents/CRS/BUS_CAN/rescapt/CMSIS/core" -I"/home/yassine/Documents/CRS/BUS_CAN/rescapt/HAL_Driver/Inc" -O0 -ffunction-sections -Wall -fcommon -fstack-usage -fcyclomatic-complexity -MMD -MP -MF"HAL_Driver/Src/stm32f1xx_hal_i2s.d" -MT"HAL_Driver/Src/stm32f1xx_hal_i2s.o" --specs=nano.specs -mfloat-abi=soft -mthumb -o "HAL_Driver/Src/stm32f1xx_hal_i2s.o"
arm-none-eabi-gcc "../HAL_Driver/Src/stm32f1xx_hal_irda.c" -mcpu=cortex-m3 -std=gnu11 -g3 -DSTM32 -DSTM32F1 -DSTM32F103RBTx -DNUCLEO_F103RB -DDEBUG -DSTM32F103xB -DUSE_HAL_DRIVER -c -I"/home/yassine/Documents/CRS/BUS_CAN/rescapt/HAL_Driver/Inc/Legacy" -I"/home/yassine/Documents/CRS/BUS_CAN/rescapt/src/vl6180x" -I"/home/yassine/Documents/CRS/BUS_CAN/rescapt/Utilities/STM32F1xx_Nucleo" -I"/home/yassine/Documents/CRS/BUS_CAN/rescapt/inc" -I"/home/yassine/Documents/CRS/BUS_CAN/rescapt/CMSIS/device" -I"/home/yassine/Documents/CRS/BUS_CAN/rescapt/CMSIS/core" -I"/home/yassine/Documents/CRS/BUS_CAN/rescapt/HAL_Driver/Inc" -O0 -ffunction-sections -Wall -fcommon -fstack-usage -fcyclomatic-complexity -MMD -MP -MF"HAL_Driver/Src/stm32f1xx_hal_irda.d" -MT"HAL_Driver/Src/stm32f1xx_hal_irda.o" --specs=nano.specs -mfloat-abi=soft -mthumb -o "HAL_Driver/Src/stm32f1xx_hal_irda.o"
arm-none-eabi-gcc "../HAL_Driver/Src/stm32f1xx_hal_iwdg.c" -mcpu=cortex-m3 -std=gnu11 -g3 -DSTM32 -DSTM32F1 -DSTM32F103RBTx -DNUCLEO_F103RB -DDEBUG -DSTM32F103xB -DUSE_HAL_DRIVER -c -I"/home/yassine/Documents/CRS/BUS_CAN/rescapt/HAL_Driver/Inc/Legacy" -I"/home/yassine/Documents/CRS/BUS_CAN/rescapt/src/vl6180x" -I"/home/yassine/Documents/CRS/BUS_CAN/rescapt/Utilities/STM32F1xx_Nucleo" -I"/home/yassine/Documents/CRS/BUS_CAN/rescapt/inc" -I"/home/yassine/Documents/CRS/BUS_CAN/rescapt/CMSIS/device" -I"/home/yassine/Documents/CRS/BUS_CAN/rescapt/CMSIS/core" -I"/home/yassine/Documents/CRS/BUS_CAN/rescapt/HAL_Driver/Inc" -O0 -ffunction-sections -Wall -fcommon -fstack-usage -fcyclomatic-complexity -MMD -MP -MF"HAL_Driver/Src/stm32f1xx_hal_iwdg.d" -MT"HAL_Driver/Src/stm32f1xx_hal_iwdg.o" --specs=nano.specs -mfloat-abi=soft -mthumb -o "HAL_Driver/Src/stm32f1xx_hal_iwdg.o"
arm-none-eabi-gcc "../HAL_Driver/Src/stm32f1xx_hal_mmc.c" -mcpu=cortex-m3 -std=gnu11 -g3 -DSTM32 -DSTM32F1 -DSTM32F103RBTx -DNUCLEO_F103RB -DDEBUG -DSTM32F103xB -DUSE_HAL_DRIVER -c -I"/home/yassine/Documents/CRS/BUS_CAN/rescapt/HAL_Driver/Inc/Legacy" -I"/home/yassine/Documents/CRS/BUS_CAN/rescapt/src/vl6180x" -I"/home/yassine/Documents/CRS/BUS_CAN/rescapt/Utilities/STM32F1xx_Nucleo" -I"/home/yassine/Documents/CRS/BUS_CAN/rescapt/inc" -I"/home/yassine/Documents/CRS/BUS_CAN/rescapt/CMSIS/device" -I"/home/yassine/Documents/CRS/BUS_CAN/rescapt/CMSIS/core" -I"/home/yassine/Documents/CRS/BUS_CAN/rescapt/HAL_Driver/Inc" -O0 -ffunction-sections -Wall -fcommon -fstack-usage -fcyclomatic-complexity -MMD -MP -MF"HAL_Driver/Src/stm32f1xx_hal_mmc.d" -MT"HAL_Driver/Src/stm32f1xx_hal_mmc.o" --specs=nano.specs -mfloat-abi=soft -mthumb -o "HAL_Driver/Src/stm32f1xx_hal_mmc.o"
arm-none-eabi-gcc "../HAL_Driver/Src/stm32f1xx_hal_nand.c" -mcpu=cortex-m3 -std=gnu11 -g3 -DSTM32 -DSTM32F1 -DSTM32F103RBTx -DNUCLEO_F103RB -DDEBUG -DSTM32F103xB -DUSE_HAL_DRIVER -c -I"/home/yassine/Documents/CRS/BUS_CAN/rescapt/HAL_Driver/Inc/Legacy" -I"/home/yassine/Documents/CRS/BUS_CAN/rescapt/src/vl6180x" -I"/home/yassine/Documents/CRS/BUS_CAN/rescapt/Utilities/STM32F1xx_Nucleo" -I"/home/yassine/Documents/CRS/BUS_CAN/rescapt/inc" -I"/home/yassine/Documents/CRS/BUS_CAN/rescapt/CMSIS/device" -I"/home/yassine/Documents/CRS/BUS_CAN/rescapt/CMSIS/core" -I"/home/yassine/Documents/CRS/BUS_CAN/rescapt/HAL_Driver/Inc" -O0 -ffunction-sections -Wall -fcommon -fstack-usage -fcyclomatic-complexity -MMD -MP -MF"HAL_Driver/Src/stm32f1xx_hal_nand.d" -MT"HAL_Driver/Src/stm32f1xx_hal_nand.o" --specs=nano.specs -mfloat-abi=soft -mthumb -o "HAL_Driver/Src/stm32f1xx_hal_nand.o"
arm-none-eabi-gcc "../HAL_Driver/Src/stm32f1xx_hal_nor.c" -mcpu=cortex-m3 -std=gnu11 -g3 -DSTM32 -DSTM32F1 -DSTM32F103RBTx -DNUCLEO_F103RB -DDEBUG -DSTM32F103xB -DUSE_HAL_DRIVER -c -I"/home/yassine/Documents/CRS/BUS_CAN/rescapt/HAL_Driver/Inc/Legacy" -I"/home/yassine/Documents/CRS/BUS_CAN/rescapt/src/vl6180x" -I"/home/yassine/Documents/CRS/BUS_CAN/rescapt/Utilities/STM32F1xx_Nucleo" -I"/home/yassine/Documents/CRS/BUS_CAN/rescapt/inc" -I"/home/yassine/Documents/CRS/BUS_CAN/rescapt/CMSIS/device" -I"/home/yassine/Documents/CRS/BUS_CAN/rescapt/CMSIS/core" -I"/home/yassine/Documents/CRS/BUS_CAN/rescapt/HAL_Driver/Inc" -O0 -ffunction-sections -Wall -fcommon -fstack-usage -fcyclomatic-complexity -MMD -MP -MF"HAL_Driver/Src/stm32f1xx_hal_nor.d" -MT"HAL_Driver/Src/stm32f1xx_hal_nor.o" --specs=nano.specs -mfloat-abi=soft -mthumb -o "HAL_Driver/Src/stm32f1xx_hal_nor.o"
arm-none-eabi-gcc "../HAL_Driver/Src/stm32f1xx_hal_pccard.c" -mcpu=cortex-m3 -std=gnu11 -g3 -DSTM32 -DSTM32F1 -DSTM32F103RBTx -DNUCLEO_F103RB -DDEBUG -DSTM32F103xB -DUSE_HAL_DRIVER -c -I"/home/yassine/Documents/CRS/BUS_CAN/rescapt/HAL_Driver/Inc/Legacy" -I"/home/yassine/Documents/CRS/BUS_CAN/rescapt/src/vl6180x" -I"/home/yassine/Documents/CRS/BUS_CAN/rescapt/Utilities/STM32F1xx_Nucleo" -I"/home/yassine/Documents/CRS/BUS_CAN/rescapt/inc" -I"/home/yassine/Documents/CRS/BUS_CAN/rescapt/CMSIS/device" -I"/home/yassine/Documents/CRS/BUS_CAN/rescapt/CMSIS/core" -I"/home/yassine/Documents/CRS/BUS_CAN/rescapt/HAL_Driver/Inc" -O0 -ffunction-sections -Wall -fcommon -fstack-usage -fcyclomatic-complexity -MMD -MP -MF"HAL_Driver/Src/stm32f1xx_hal_pccard.d" -MT"HAL_Driver/Src/stm32f1xx_hal_pccard.o" --specs=nano.specs -mfloat-abi=soft -mthumb -o "HAL_Driver/Src/stm32f1xx_hal_pccard.o"
arm-none-eabi-gcc "../HAL_Driver/Src/stm32f1xx_hal_pcd.c" -mcpu=cortex-m3 -std=gnu11 -g3 -DSTM32 -DSTM32F1 -DSTM32F103RBTx -DNUCLEO_F103RB -DDEBUG -DSTM32F103xB -DUSE_HAL_DRIVER -c -I"/home/yassine/Documents/CRS/BUS_CAN/rescapt/HAL_Driver/Inc/Legacy" -I"/home/yassine/Documents/CRS/BUS_CAN/rescapt/src/vl6180x" -I"/home/yassine/Documents/CRS/BUS_CAN/rescapt/Utilities/STM32F1xx_Nucleo" -I"/home/yassine/Documents/CRS/BUS_CAN/rescapt/inc" -I"/home/yassine/Documents/CRS/BUS_CAN/rescapt/CMSIS/device" -I"/home/yassine/Documents/CRS/BUS_CAN/rescapt/CMSIS/core" -I"/home/yassine/Documents/CRS/BUS_CAN/rescapt/HAL_Driver/Inc" -O0 -ffunction-sections -Wall -fcommon -fstack-usage -fcyclomatic-complexity -MMD -MP -MF"HAL_Driver/Src/stm32f1xx_hal_pcd.d" -MT"HAL_Driver/Src/stm32f1xx_hal_pcd.o" --specs=nano.specs -mfloat-abi=soft -mthumb -o "HAL_Driver/Src/stm32f1xx_hal_pcd.o"
arm-none-eabi-gcc "../HAL_Driver/Src/stm32f1xx_hal_pcd_ex.c" -mcpu=cortex-m3 -std=gnu11 -g3 -DSTM32 -DSTM32F1 -DSTM32F103RBTx -DNUCLEO_F103RB -DDEBUG -DSTM32F103xB -DUSE_HAL_DRIVER -c -I"/home/yassine/Documents/CRS/BUS_CAN/rescapt/HAL_Driver/Inc/Legacy" -I"/home/yassine/Documents/CRS/BUS_CAN/rescapt/src/vl6180x" -I"/home/yassine/Documents/CRS/BUS_CAN/rescapt/Utilities/STM32F1xx_Nucleo" -I"/home/yassine/Documents/CRS/BUS_CAN/rescapt/inc" -I"/home/yassine/Documents/CRS/BUS_CAN/rescapt/CMSIS/device" -I"/home/yassine/Documents/CRS/BUS_CAN/rescapt/CMSIS/core" -I"/home/yassine/Documents/CRS/BUS_CAN/rescapt/HAL_Driver/Inc" -O0 -ffunction-sections -Wall -fcommon -fstack-usage -fcyclomatic-complexity -MMD -MP -MF"HAL_Driver/Src/stm32f1xx_hal_pcd_ex.d" -MT"HAL_Driver/Src/stm32f1xx_hal_pcd_ex.o" --specs=nano.specs -mfloat-abi=soft -mthumb -o "HAL_Driver/Src/stm32f1xx_hal_pcd_ex.o"
arm-none-eabi-gcc "../HAL_Driver/Src/stm32f1xx_hal_pwr.c" -mcpu=cortex-m3 -std=gnu11 -g3 -DSTM32 -DSTM32F1 -DSTM32F103RBTx -DNUCLEO_F103RB -DDEBUG -DSTM32F103xB -DUSE_HAL_DRIVER -c -I"/home/yassine/Documents/CRS/BUS_CAN/rescapt/HAL_Driver/Inc/Legacy" -I"/home/yassine/Documents/CRS/BUS_CAN/rescapt/src/vl6180x" -I"/home/yassine/Documents/CRS/BUS_CAN/rescapt/Utilities/STM32F1xx_Nucleo" -I"/home/yassine/Documents/CRS/BUS_CAN/rescapt/inc" -I"/home/yassine/Documents/CRS/BUS_CAN/rescapt/CMSIS/device" -I"/home/yassine/Documents/CRS/BUS_CAN/rescapt/CMSIS/core" -I"/home/yassine/Documents/CRS/BUS_CAN/rescapt/HAL_Driver/Inc" -O0 -ffunction-sections -Wall -fcommon -fstack-usage -fcyclomatic-complexity -MMD -MP -MF"HAL_Driver/Src/stm32f1xx_hal_pwr.d" -MT"HAL_Driver/Src/stm32f1xx_hal_pwr.o" --specs=nano.specs -mfloat-abi=soft -mthumb -o "HAL_Driver/Src/stm32f1xx_hal_pwr.o"
arm-none-eabi-gcc "../HAL_Driver/Src/stm32f1xx_hal_rcc.c" -mcpu=cortex-m3 -std=gnu11 -g3 -DSTM32 -DSTM32F1 -DSTM32F103RBTx -DNUCLEO_F103RB -DDEBUG -DSTM32F103xB -DUSE_HAL_DRIVER -c -I"/home/yassine/Documents/CRS/BUS_CAN/rescapt/HAL_Driver/Inc/Legacy" -I"/home/yassine/Documents/CRS/BUS_CAN/rescapt/src/vl6180x" -I"/home/yassine/Documents/CRS/BUS_CAN/rescapt/Utilities/STM32F1xx_Nucleo" -I"/home/yassine/Documents/CRS/BUS_CAN/rescapt/inc" -I"/home/yassine/Documents/CRS/BUS_CAN/rescapt/CMSIS/device" -I"/home/yassine/Documents/CRS/BUS_CAN/rescapt/CMSIS/core" -I"/home/yassine/Documents/CRS/BUS_CAN/rescapt/HAL_Driver/Inc" -O0 -ffunction-sections -Wall -fcommon -fstack-usage -fcyclomatic-complexity -MMD -MP -MF"HAL_Driver/Src/stm32f1xx_hal_rcc.d" -MT"HAL_Driver/Src/stm32f1xx_hal_rcc.o" --specs=nano.specs -mfloat-abi=soft -mthumb -o "HAL_Driver/Src/stm32f1xx_hal_rcc.o"
arm-none-eabi-gcc "../HAL_Driver/Src/stm32f1xx_hal_rcc_ex.c" -mcpu=cortex-m3 -std=gnu11 -g3 -DSTM32 -DSTM32F1 -DSTM32F103RBTx -DNUCLEO_F103RB -DDEBUG -DSTM32F103xB -DUSE_HAL_DRIVER -c -I"/home/yassine/Documents/CRS/BUS_CAN/rescapt/HAL_Driver/Inc/Legacy" -I"/home/yassine/Documents/CRS/BUS_CAN/rescapt/src/vl6180x" -I"/home/yassine/Documents/CRS/BUS_CAN/rescapt/Utilities/STM32F1xx_Nucleo" -I"/home/yassine/Documents/CRS/BUS_CAN/rescapt/inc" -I"/home/yassine/Documents/CRS/BUS_CAN/rescapt/CMSIS/device" -I"/home/yassine/Documents/CRS/BUS_CAN/rescapt/CMSIS/core" -I"/home/yassine/Documents/CRS/BUS_CAN/rescapt/HAL_Driver/Inc" -O0 -ffunction-sections -Wall -fcommon -fstack-usage -fcyclomatic-complexity -MMD -MP -MF"HAL_Driver/Src/stm32f1xx_hal_rcc_ex.d" -MT"HAL_Driver/Src/stm32f1xx_hal_rcc_ex.o" --specs=nano.specs -mfloat-abi=soft -mthumb -o "HAL_Driver/Src/stm32f1xx_hal_rcc_ex.o"
arm-none-eabi-gcc "../HAL_Driver/Src/stm32f1xx_hal_rtc.c" -mcpu=cortex-m3 -std=gnu11 -g3 -DSTM32 -DSTM32F1 -DSTM32F103RBTx -DNUCLEO_F103RB -DDEBUG -DSTM32F103xB -DUSE_HAL_DRIVER -c -I"/home/yassine/Documents/CRS/BUS_CAN/rescapt/HAL_Driver/Inc/Legacy" -I"/home/yassine/Documents/CRS/BUS_CAN/rescapt/src/vl6180x" -I"/home/yassine/Documents/CRS/BUS_CAN/rescapt/Utilities/STM32F1xx_Nucleo" -I"/home/yassine/Documents/CRS/BUS_CAN/rescapt/inc" -I"/home/yassine/Documents/CRS/BUS_CAN/rescapt/CMSIS/device" -I"/home/yassine/Documents/CRS/BUS_CAN/rescapt/CMSIS/core" -I"/home/yassine/Documents/CRS/BUS_CAN/rescapt/HAL_Driver/Inc" -O0 -ffunction-sections -Wall -fcommon -fstack-usage -fcyclomatic-complexity -MMD -MP -MF"HAL_Driver/Src/stm32f1xx_hal_rtc.d" -MT"HAL_Driver/Src/stm32f1xx_hal_rtc.o" --specs=nano.specs -mfloat-abi=soft -mthumb -o "HAL_Driver/Src/stm32f1xx_hal_rtc.o"
arm-none-eabi-gcc "../HAL_Driver/Src/stm32f1xx_hal_rtc_ex.c" -mcpu=cortex-m3 -std=gnu11 -g3 -DSTM32 -DSTM32F1 -DSTM32F103RBTx -DNUCLEO_F103RB -DDEBUG -DSTM32F103xB -DUSE_HAL_DRIVER -c -I"/home/yassine/Documents/CRS/BUS_CAN/rescapt/HAL_Driver/Inc/Legacy" -I"/home/yassine/Documents/CRS/BUS_CAN/rescapt/src/vl6180x" -I"/home/yassine/Documents/CRS/BUS_CAN/rescapt/Utilities/STM32F1xx_Nucleo" -I"/home/yassine/Documents/CRS/BUS_CAN/rescapt/inc" -I"/home/yassine/Documents/CRS/BUS_CAN/rescapt/CMSIS/device" -I"/home/yassine/Documents/CRS/BUS_CAN/rescapt/CMSIS/core" -I"/home/yassine/Documents/CRS/BUS_CAN/rescapt/HAL_Driver/Inc" -O0 -ffunction-sections -Wall -fcommon -fstack-usage -fcyclomatic-complexity -MMD -MP -MF"HAL_Driver/Src/stm32f1xx_hal_rtc_ex.d" -MT"HAL_Driver/Src/stm32f1xx_hal_rtc_ex.o" --specs=nano.specs -mfloat-abi=soft -mthumb -o "HAL_Driver/Src/stm32f1xx_hal_rtc_ex.o"
arm-none-eabi-gcc "../HAL_Driver/Src/stm32f1xx_hal_sd.c" -mcpu=cortex-m3 -std=gnu11 -g3 -DSTM32 -DSTM32F1 -DSTM32F103RBTx -DNUCLEO_F103RB -DDEBUG -DSTM32F103xB -DUSE_HAL_DRIVER -c -I"/home/yassine/Documents/CRS/BUS_CAN/rescapt/HAL_Driver/Inc/Legacy" -I"/home/yassine/Documents/CRS/BUS_CAN/rescapt/src/vl6180x" -I"/home/yassine/Documents/CRS/BUS_CAN/rescapt/Utilities/STM32F1xx_Nucleo" -I"/home/yassine/Documents/CRS/BUS_CAN/rescapt/inc" -I"/home/yassine/Documents/CRS/BUS_CAN/rescapt/CMSIS/device" -I"/home/yassine/Documents/CRS/BUS_CAN/rescapt/CMSIS/core" -I"/home/yassine/Documents/CRS/BUS_CAN/rescapt/HAL_Driver/Inc" -O0 -ffunction-sections -Wall -fcommon -fstack-usage -fcyclomatic-complexity -MMD -MP -MF"HAL_Driver/Src/stm32f1xx_hal_sd.d" -MT"HAL_Driver/Src/stm32f1xx_hal_sd.o" --specs=nano.specs -mfloat-abi=soft -mthumb -o "HAL_Driver/Src/stm32f1xx_hal_sd.o"
arm-none-eabi-gcc "../HAL_Driver/Src/stm32f1xx_hal_smartcard.c" -mcpu=cortex-m3 -std=gnu11 -g3 -DSTM32 -DSTM32F1 -DSTM32F103RBTx -DNUCLEO_F103RB -DDEBUG -DSTM32F103xB -DUSE_HAL_DRIVER -c -I"/home/yassine/Documents/CRS/BUS_CAN/rescapt/HAL_Driver/Inc/Legacy" -I"/home/yassine/Documents/CRS/BUS_CAN/rescapt/src/vl6180x" -I"/home/yassine/Documents/CRS/BUS_CAN/rescapt/Utilities/STM32F1xx_Nucleo" -I"/home/yassine/Documents/CRS/BUS_CAN/rescapt/inc" -I"/home/yassine/Documents/CRS/BUS_CAN/rescapt/CMSIS/device" -I"/home/yassine/Documents/CRS/BUS_CAN/rescapt/CMSIS/core" -I"/home/yassine/Documents/CRS/BUS_CAN/rescapt/HAL_Driver/Inc" -O0 -ffunction-sections -Wall -fcommon -fstack-usage -fcyclomatic-complexity -MMD -MP -MF"HAL_Driver/Src/stm32f1xx_hal_smartcard.d" -MT"HAL_Driver/Src/stm32f1xx_hal_smartcard.o" --specs=nano.specs -mfloat-abi=soft -mthumb -o "HAL_Driver/Src/stm32f1xx_hal_smartcard.o"
arm-none-eabi-gcc "../HAL_Driver/Src/stm32f1xx_hal_spi.c" -mcpu=cortex-m3 -std=gnu11 -g3 -DSTM32 -DSTM32F1 -DSTM32F103RBTx -DNUCLEO_F103RB -DDEBUG -DSTM32F103xB -DUSE_HAL_DRIVER -c -I"/home/yassine/Documents/CRS/BUS_CAN/rescapt/HAL_Driver/Inc/Legacy" -I"/home/yassine/Documents/CRS/BUS_CAN/rescapt/src/vl6180x" -I"/home/yassine/Documents/CRS/BUS_CAN/rescapt/Utilities/STM32F1xx_Nucleo" -I"/home/yassine/Documents/CRS/BUS_CAN/rescapt/inc" -I"/home/yassine/Documents/CRS/BUS_CAN/rescapt/CMSIS/device" -I"/home/yassine/Documents/CRS/BUS_CAN/rescapt/CMSIS/core" -I"/home/yassine/Documents/CRS/BUS_CAN/rescapt/HAL_Driver/Inc" -O0 -ffunction-sections -Wall -fcommon -fstack-usage -fcyclomatic-complexity -MMD -MP -MF"HAL_Driver/Src/stm32f1xx_hal_spi.d" -MT"HAL_Driver/Src/stm32f1xx_hal_spi.o" --specs=nano.specs -mfloat-abi=soft -mthumb -o "HAL_Driver/Src/stm32f1xx_hal_spi.o"
arm-none-eabi-gcc "../HAL_Driver/Src/stm32f1xx_hal_spi_ex.c" -mcpu=cortex-m3 -std=gnu11 -g3 -DSTM32 -DSTM32F1 -DSTM32F103RBTx -DNUCLEO_F103RB -DDEBUG -DSTM32F103xB -DUSE_HAL_DRIVER -c -I"/home/yassine/Documents/CRS/BUS_CAN/rescapt/HAL_Driver/Inc/Legacy" -I"/home/yassine/Documents/CRS/BUS_CAN/rescapt/src/vl6180x" -I"/home/yassine/Documents/CRS/BUS_CAN/rescapt/Utilities/STM32F1xx_Nucleo" -I"/home/yassine/Documents/CRS/BUS_CAN/rescapt/inc" -I"/home/yassine/Documents/CRS/BUS_CAN/rescapt/CMSIS/device" -I"/home/yassine/Documents/CRS/BUS_CAN/rescapt/CMSIS/core" -I"/home/yassine/Documents/CRS/BUS_CAN/rescapt/HAL_Driver/Inc" -O0 -ffunction-sections -Wall -fcommon -fstack-usage -fcyclomatic-complexity -MMD -MP -MF"HAL_Driver/Src/stm32f1xx_hal_spi_ex.d" -MT"HAL_Driver/Src/stm32f1xx_hal_spi_ex.o" --specs=nano.specs -mfloat-abi=soft -mthumb -o "HAL_Driver/Src/stm32f1xx_hal_spi_ex.o"
arm-none-eabi-gcc "../HAL_Driver/Src/stm32f1xx_hal_sram.c" -mcpu=cortex-m3 -std=gnu11 -g3 -DSTM32 -DSTM32F1 -DSTM32F103RBTx -DNUCLEO_F103RB -DDEBUG -DSTM32F103xB -DUSE_HAL_DRIVER -c -I"/home/yassine/Documents/CRS/BUS_CAN/rescapt/HAL_Driver/Inc/Legacy" -I"/home/yassine/Documents/CRS/BUS_CAN/rescapt/src/vl6180x" -I"/home/yassine/Documents/CRS/BUS_CAN/rescapt/Utilities/STM32F1xx_Nucleo" -I"/home/yassine/Documents/CRS/BUS_CAN/rescapt/inc" -I"/home/yassine/Documents/CRS/BUS_CAN/rescapt/CMSIS/device" -I"/home/yassine/Documents/CRS/BUS_CAN/rescapt/CMSIS/core" -I"/home/yassine/Documents/CRS/BUS_CAN/rescapt/HAL_Driver/Inc" -O0 -ffunction-sections -Wall -fcommon -fstack-usage -fcyclomatic-complexity -MMD -MP -MF"HAL_Driver/Src/stm32f1xx_hal_sram.d" -MT"HAL_Driver/Src/stm32f1xx_hal_sram.o" --specs=nano.specs -mfloat-abi=soft -mthumb -o "HAL_Driver/Src/stm32f1xx_hal_sram.o"
arm-none-eabi-gcc "../HAL_Driver/Src/stm32f1xx_hal_tim.c" -mcpu=cortex-m3 -std=gnu11 -g3 -DSTM32 -DSTM32F1 -DSTM32F103RBTx -DNUCLEO_F103RB -DDEBUG -DSTM32F103xB -DUSE_HAL_DRIVER -c -I"/home/yassine/Documents/CRS/BUS_CAN/rescapt/HAL_Driver/Inc/Legacy" -I"/home/yassine/Documents/CRS/BUS_CAN/rescapt/src/vl6180x" -I"/home/yassine/Documents/CRS/BUS_CAN/rescapt/Utilities/STM32F1xx_Nucleo" -I"/home/yassine/Documents/CRS/BUS_CAN/rescapt/inc" -I"/home/yassine/Documents/CRS/BUS_CAN/rescapt/CMSIS/device" -I"/home/yassine/Documents/CRS/BUS_CAN/rescapt/CMSIS/core" -I"/home/yassine/Documents/CRS/BUS_CAN/rescapt/HAL_Driver/Inc" -O0 -ffunction-sections -Wall -fcommon -fstack-usage -fcyclomatic-complexity -MMD -MP -MF"HAL_Driver/Src/stm32f1xx_hal_tim.d" -MT"HAL_Driver/Src/stm32f1xx_hal_tim.o" --specs=nano.specs -mfloat-abi=soft -mthumb -o "HAL_Driver/Src/stm32f1xx_hal_tim.o"
arm-none-eabi-gcc "../HAL_Driver/Src/stm32f1xx_hal_tim_ex.c" -mcpu=cortex-m3 -std=gnu11 -g3 -DSTM32 -DSTM32F1 -DSTM32F103RBTx -DNUCLEO_F103RB -DDEBUG -DSTM32F103xB -DUSE_HAL_DRIVER -c -I"/home/yassine/Documents/CRS/BUS_CAN/rescapt/HAL_Driver/Inc/Legacy" -I"/home/yassine/Documents/CRS/BUS_CAN/rescapt/src/vl6180x" -I"/home/yassine/Documents/CRS/BUS_CAN/rescapt/Utilities/STM32F1xx_Nucleo" -I"/home/yassine/Documents/CRS/BUS_CAN/rescapt/inc" -I"/home/yassine/Documents/CRS/BUS_CAN/rescapt/CMSIS/device" -I"/home/yassine/Documents/CRS/BUS_CAN/rescapt/CMSIS/core" -I"/home/yassine/Documents/CRS/BUS_CAN/rescapt/HAL_Driver/Inc" -O0 -ffunction-sections -Wall -fcommon -fstack-usage -fcyclomatic-complexity -MMD -MP -MF"HAL_Driver/Src/stm32f1xx_hal_tim_ex.d" -MT"HAL_Driver/Src/stm32f1xx_hal_tim_ex.o" --specs=nano.specs -mfloat-abi=soft -mthumb -o "HAL_Driver/Src/stm32f1xx_hal_tim_ex.o"
arm-none-eabi-gcc "../HAL_Driver/Src/stm32f1xx_hal_uart.c" -mcpu=cortex-m3 -std=gnu11 -g3 -DSTM32 -DSTM32F1 -DSTM32F103RBTx -DNUCLEO_F103RB -DDEBUG -DSTM32F103xB -DUSE_HAL_DRIVER -c -I"/home/yassine/Documents/CRS/BUS_CAN/rescapt/HAL_Driver/Inc/Legacy" -I"/home/yassine/Documents/CRS/BUS_CAN/rescapt/src/vl6180x" -I"/home/yassine/Documents/CRS/BUS_CAN/rescapt/Utilities/STM32F1xx_Nucleo" -I"/home/yassine/Documents/CRS/BUS_CAN/rescapt/inc" -I"/home/yassine/Documents/CRS/BUS_CAN/rescapt/CMSIS/device" -I"/home/yassine/Documents/CRS/BUS_CAN/rescapt/CMSIS/core" -I"/home/yassine/Documents/CRS/BUS_CAN/rescapt/HAL_Driver/Inc" -O0 -ffunction-sections -Wall -fcommon -fstack-usage -fcyclomatic-complexity -MMD -MP -MF"HAL_Driver/Src/stm32f1xx_hal_uart.d" -MT"HAL_Driver/Src/stm32f1xx_hal_uart.o" --specs=nano.specs -mfloat-abi=soft -mthumb -o "HAL_Driver/Src/stm32f1xx_hal_uart.o"
arm-none-eabi-gcc "../HAL_Driver/Src/stm32f1xx_hal_usart.c" -mcpu=cortex-m3 -std=gnu11 -g3 -DSTM32 -DSTM32F1 -DSTM32F103RBTx -DNUCLEO_F103RB -DDEBUG -DSTM32F103xB -DUSE_HAL_DRIVER -c -I"/home/yassine/Documents/CRS/BUS_CAN/rescapt/HAL_Driver/Inc/Legacy" -I"/home/yassine/Documents/CRS/BUS_CAN/rescapt/src/vl6180x" -I"/home/yassine/Documents/CRS/BUS_CAN/rescapt/Utilities/STM32F1xx_Nucleo" -I"/home/yassine/Documents/CRS/BUS_CAN/rescapt/inc" -I"/home/yassine/Documents/CRS/BUS_CAN/rescapt/CMSIS/device" -I"/home/yassine/Documents/CRS/BUS_CAN/rescapt/CMSIS/core" -I"/home/yassine/Documents/CRS/BUS_CAN/rescapt/HAL_Driver/Inc" -O0 -ffunction-sections -Wall -fcommon -fstack-usage -fcyclomatic-complexity -MMD -MP -MF"HAL_Driver/Src/stm32f1xx_hal_usart.d" -MT"HAL_Driver/Src/stm32f1xx_hal_usart.o" --specs=nano.specs -mfloat-abi=soft -mthumb -o "HAL_Driver/Src/stm32f1xx_hal_usart.o"
arm-none-eabi-gcc "../HAL_Driver/Src/stm32f1xx_hal_wwdg.c" -mcpu=cortex-m3 -std=gnu11 -g3 -DSTM32 -DSTM32F1 -DSTM32F103RBTx -DNUCLEO_F103RB -DDEBUG -DSTM32F103xB -DUSE_HAL_DRIVER -c -I"/home/yassine/Documents/CRS/BUS_CAN/rescapt/HAL_Driver/Inc/Legacy" -I"/home/yassine/Documents/CRS/BUS_CAN/rescapt/src/vl6180x" -I"/home/yassine/Documents/CRS/BUS_CAN/rescapt/Utilities/STM32F1xx_Nucleo" -I"/home/yassine/Documents/CRS/BUS_CAN/rescapt/inc" -I"/home/yassine/Documents/CRS/BUS_CAN/rescapt/CMSIS/device" -I"/home/yassine/Documents/CRS/BUS_CAN/rescapt/CMSIS/core" -I"/home/yassine/Documents/CRS/BUS_CAN/rescapt/HAL_Driver/Inc" -O0 -ffunction-sections -Wall -fcommon -fstack-usage -fcyclomatic-complexity -MMD -MP -MF"HAL_Driver/Src/stm32f1xx_hal_wwdg.d" -MT"HAL_Driver/Src/stm32f1xx_hal_wwdg.o" --specs=nano.specs -mfloat-abi=soft -mthumb -o "HAL_Driver/Src/stm32f1xx_hal_wwdg.o"
arm-none-eabi-gcc "../HAL_Driver/Src/stm32f1xx_ll_adc.c" -mcpu=cortex-m3 -std=gnu11 -g3 -DSTM32 -DSTM32F1 -DSTM32F103RBTx -DNUCLEO_F103RB -DDEBUG -DSTM32F103xB -DUSE_HAL_DRIVER -c -I"/home/yassine/Documents/CRS/BUS_CAN/rescapt/HAL_Driver/Inc/Legacy" -I"/home/yassine/Documents/CRS/BUS_CAN/rescapt/src/vl6180x" -I"/home/yassine/Documents/CRS/BUS_CAN/rescapt/Utilities/STM32F1xx_Nucleo" -I"/home/yassine/Documents/CRS/BUS_CAN/rescapt/inc" -I"/home/yassine/Documents/CRS/BUS_CAN/rescapt/CMSIS/device" -I"/home/yassine/Documents/CRS/BUS_CAN/rescapt/CMSIS/core" -I"/home/yassine/Documents/CRS/BUS_CAN/rescapt/HAL_Driver/Inc" -O0 -ffunction-sections -Wall -fcommon -fstack-usage -fcyclomatic-complexity -MMD -MP -MF"HAL_Driver/Src/stm32f1xx_ll_adc.d" -MT"HAL_Driver/Src/stm32f1xx_ll_adc.o" --specs=nano.specs -mfloat-abi=soft -mthumb -o "HAL_Driver/Src/stm32f1xx_ll_adc.o"
arm-none-eabi-gcc "../HAL_Driver/Src/stm32f1xx_ll_crc.c" -mcpu=cortex-m3 -std=gnu11 -g3 -DSTM32 -DSTM32F1 -DSTM32F103RBTx -DNUCLEO_F103RB -DDEBUG -DSTM32F103xB -DUSE_HAL_DRIVER -c -I"/home/yassine/Documents/CRS/BUS_CAN/rescapt/HAL_Driver/Inc/Legacy" -I"/home/yassine/Documents/CRS/BUS_CAN/rescapt/src/vl6180x" -I"/home/yassine/Documents/CRS/BUS_CAN/rescapt/Utilities/STM32F1xx_Nucleo" -I"/home/yassine/Documents/CRS/BUS_CAN/rescapt/inc" -I"/home/yassine/Documents/CRS/BUS_CAN/rescapt/CMSIS/device" -I"/home/yassine/Documents/CRS/BUS_CAN/rescapt/CMSIS/core" -I"/home/yassine/Documents/CRS/BUS_CAN/rescapt/HAL_Driver/Inc" -O0 -ffunction-sections -Wall -fcommon -fstack-usage -fcyclomatic-complexity -MMD -MP -MF"HAL_Driver/Src/stm32f1xx_ll_crc.d" -MT"HAL_Driver/Src/stm32f1xx_ll_crc.o" --specs=nano.specs -mfloat-abi=soft -mthumb -o "HAL_Driver/Src/stm32f1xx_ll_crc.o"
arm-none-eabi-gcc "../HAL_Driver/Src/stm32f1xx_ll_dac.c" -mcpu=cortex-m3 -std=gnu11 -g3 -DSTM32 -DSTM32F1 -DSTM32F103RBTx -DNUCLEO_F103RB -DDEBUG -DSTM32F103xB -DUSE_HAL_DRIVER -c -I"/home/yassine/Documents/CRS/BUS_CAN/rescapt/HAL_Driver/Inc/Legacy" -I"/home/yassine/Documents/CRS/BUS_CAN/rescapt/src/vl6180x" -I"/home/yassine/Documents/CRS/BUS_CAN/rescapt/Utilities/STM32F1xx_Nucleo" -I"/home/yassine/Documents/CRS/BUS_CAN/rescapt/inc" -I"/home/yassine/Documents/CRS/BUS_CAN/rescapt/CMSIS/device" -I"/home/yassine/Documents/CRS/BUS_CAN/rescapt/CMSIS/core" -I"/home/yassine/Documents/CRS/BUS_CAN/rescapt/HAL_Driver/Inc" -O0 -ffunction-sections -Wall -fcommon -fstack-usage -fcyclomatic-complexity -MMD -MP -MF"HAL_Driver/Src/stm32f1xx_ll_dac.d" -MT"HAL_Driver/Src/stm32f1xx_ll_dac.o" --specs=nano.specs -mfloat-abi=soft -mthumb -o "HAL_Driver/Src/stm32f1xx_ll_dac.o"
arm-none-eabi-gcc "../HAL_Driver/Src/stm32f1xx_ll_dma.c" -mcpu=cortex-m3 -std=gnu11 -g3 -DSTM32 -DSTM32F1 -DSTM32F103RBTx -DNUCLEO_F103RB -DDEBUG -DSTM32F103xB -DUSE_HAL_DRIVER -c -I"/home/yassine/Documents/CRS/BUS_CAN/rescapt/HAL_Driver/Inc/Legacy" -I"/home/yassine/Documents/CRS/BUS_CAN/rescapt/src/vl6180x" -I"/home/yassine/Documents/CRS/BUS_CAN/rescapt/Utilities/STM32F1xx_Nucleo" -I"/home/yassine/Documents/CRS/BUS_CAN/rescapt/inc" -I"/home/yassine/Documents/CRS/BUS_CAN/rescapt/CMSIS/device" -I"/home/yassine/Documents/CRS/BUS_CAN/rescapt/CMSIS/core" -I"/home/yassine/Documents/CRS/BUS_CAN/rescapt/HAL_Driver/Inc" -O0 -ffunction-sections -Wall -fcommon -fstack-usage -fcyclomatic-complexity -MMD -MP -MF"HAL_Driver/Src/stm32f1xx_ll_dma.d" -MT"HAL_Driver/Src/stm32f1xx_ll_dma.o" --specs=nano.specs -mfloat-abi=soft -mthumb -o "HAL_Driver/Src/stm32f1xx_ll_dma.o"
arm-none-eabi-gcc "../HAL_Driver/Src/stm32f1xx_ll_exti.c" -mcpu=cortex-m3 -std=gnu11 -g3 -DSTM32 -DSTM32F1 -DSTM32F103RBTx -DNUCLEO_F103RB -DDEBUG -DSTM32F103xB -DUSE_HAL_DRIVER -c -I"/home/yassine/Documents/CRS/BUS_CAN/rescapt/HAL_Driver/Inc/Legacy" -I"/home/yassine/Documents/CRS/BUS_CAN/rescapt/src/vl6180x" -I"/home/yassine/Documents/CRS/BUS_CAN/rescapt/Utilities/STM32F1xx_Nucleo" -I"/home/yassine/Documents/CRS/BUS_CAN/rescapt/inc" -I"/home/yassine/Documents/CRS/BUS_CAN/rescapt/CMSIS/device" -I"/home/yassine/Documents/CRS/BUS_CAN/rescapt/CMSIS/core" -I"/home/yassine/Documents/CRS/BUS_CAN/rescapt/HAL_Driver/Inc" -O0 -ffunction-sections -Wall -fcommon -fstack-usage -fcyclomatic-complexity -MMD -MP -MF"HAL_Driver/Src/stm32f1xx_ll_exti.d" -MT"HAL_Driver/Src/stm32f1xx_ll_exti.o" --specs=nano.specs -mfloat-abi=soft -mthumb -o "HAL_Driver/Src/stm32f1xx_ll_exti.o"
arm-none-eabi-gcc "../HAL_Driver/Src/stm32f1xx_ll_fsmc.c" -mcpu=cortex-m3 -std=gnu11 -g3 -DSTM32 -DSTM32F1 -DSTM32F103RBTx -DNUCLEO_F103RB -DDEBUG -DSTM32F103xB -DUSE_HAL_DRIVER -c -I"/home/yassine/Documents/CRS/BUS_CAN/rescapt/HAL_Driver/Inc/Legacy" -I"/home/yassine/Documents/CRS/BUS_CAN/rescapt/src/vl6180x" -I"/home/yassine/Documents/CRS/BUS_CAN/rescapt/Utilities/STM32F1xx_Nucleo" -I"/home/yassine/Documents/CRS/BUS_CAN/rescapt/inc" -I"/home/yassine/Documents/CRS/BUS_CAN/rescapt/CMSIS/device" -I"/home/yassine/Documents/CRS/BUS_CAN/rescapt/CMSIS/core" -I"/home/yassine/Documents/CRS/BUS_CAN/rescapt/HAL_Driver/Inc" -O0 -ffunction-sections -Wall -fcommon -fstack-usage -fcyclomatic-complexity -MMD -MP -MF"HAL_Driver/Src/stm32f1xx_ll_fsmc.d" -MT"HAL_Driver/Src/stm32f1xx_ll_fsmc.o" --specs=nano.specs -mfloat-abi=soft -mthumb -o "HAL_Driver/Src/stm32f1xx_ll_fsmc.o"
arm-none-eabi-gcc "../HAL_Driver/Src/stm32f1xx_ll_gpio.c" -mcpu=cortex-m3 -std=gnu11 -g3 -DSTM32 -DSTM32F1 -DSTM32F103RBTx -DNUCLEO_F103RB -DDEBUG -DSTM32F103xB -DUSE_HAL_DRIVER -c -I"/home/yassine/Documents/CRS/BUS_CAN/rescapt/HAL_Driver/Inc/Legacy" -I"/home/yassine/Documents/CRS/BUS_CAN/rescapt/src/vl6180x" -I"/home/yassine/Documents/CRS/BUS_CAN/rescapt/Utilities/STM32F1xx_Nucleo" -I"/home/yassine/Documents/CRS/BUS_CAN/rescapt/inc" -I"/home/yassine/Documents/CRS/BUS_CAN/rescapt/CMSIS/device" -I"/home/yassine/Documents/CRS/BUS_CAN/rescapt/CMSIS/core" -I"/home/yassine/Documents/CRS/BUS_CAN/rescapt/HAL_Driver/Inc" -O0 -ffunction-sections -Wall -fcommon -fstack-usage -fcyclomatic-complexity -MMD -MP -MF"HAL_Driver/Src/stm32f1xx_ll_gpio.d" -MT"HAL_Driver/Src/stm32f1xx_ll_gpio.o" --specs=nano.specs -mfloat-abi=soft -mthumb -o "HAL_Driver/Src/stm32f1xx_ll_gpio.o"
arm-none-eabi-gcc "../HAL_Driver/Src/stm32f1xx_ll_i2c.c" -mcpu=cortex-m3 -std=gnu11 -g3 -DSTM32 -DSTM32F1 -DSTM32F103RBTx -DNUCLEO_F103RB -DDEBUG -DSTM32F103xB -DUSE_HAL_DRIVER -c -I"/home/yassine/Documents/CRS/BUS_CAN/rescapt/HAL_Driver/Inc/Legacy" -I"/home/yassine/Documents/CRS/BUS_CAN/rescapt/src/vl6180x" -I"/home/yassine/Documents/CRS/BUS_CAN/rescapt/Utilities/STM32F1xx_Nucleo" -I"/home/yassine/Documents/CRS/BUS_CAN/rescapt/inc" -I"/home/yassine/Documents/CRS/BUS_CAN/rescapt/CMSIS/device" -I"/home/yassine/Documents/CRS/BUS_CAN/rescapt/CMSIS/core" -I"/home/yassine/Documents/CRS/BUS_CAN/rescapt/HAL_Driver/Inc" -O0 -ffunction-sections -Wall -fcommon -fstack-usage -fcyclomatic-complexity -MMD -MP -MF"HAL_Driver/Src/stm32f1xx_ll_i2c.d" -MT"HAL_Driver/Src/stm32f1xx_ll_i2c.o" --specs=nano.specs -mfloat-abi=soft -mthumb -o "HAL_Driver/Src/stm32f1xx_ll_i2c.o"
arm-none-eabi-gcc "../HAL_Driver/Src/stm32f1xx_ll_pwr.c" -mcpu=cortex-m3 -std=gnu11 -g3 -DSTM32 -DSTM32F1 -DSTM32F103RBTx -DNUCLEO_F103RB -DDEBUG -DSTM32F103xB -DUSE_HAL_DRIVER -c -I"/home/yassine/Documents/CRS/BUS_CAN/rescapt/HAL_Driver/Inc/Legacy" -I"/home/yassine/Documents/CRS/BUS_CAN/rescapt/src/vl6180x" -I"/home/yassine/Documents/CRS/BUS_CAN/rescapt/Utilities/STM32F1xx_Nucleo" -I"/home/yassine/Documents/CRS/BUS_CAN/rescapt/inc" -I"/home/yassine/Documents/CRS/BUS_CAN/rescapt/CMSIS/device" -I"/home/yassine/Documents/CRS/BUS_CAN/rescapt/CMSIS/core" -I"/home/yassine/Documents/CRS/BUS_CAN/rescapt/HAL_Driver/Inc" -O0 -ffunction-sections -Wall -fcommon -fstack-usage -fcyclomatic-complexity -MMD -MP -MF"HAL_Driver/Src/stm32f1xx_ll_pwr.d" -MT"HAL_Driver/Src/stm32f1xx_ll_pwr.o" --specs=nano.specs -mfloat-abi=soft -mthumb -o "HAL_Driver/Src/stm32f1xx_ll_pwr.o"
arm-none-eabi-gcc "../HAL_Driver/Src/stm32f1xx_ll_rcc.c" -mcpu=cortex-m3 -std=gnu11 -g3 -DSTM32 -DSTM32F1 -DSTM32F103RBTx -DNUCLEO_F103RB -DDEBUG -DSTM32F103xB -DUSE_HAL_DRIVER -c -I"/home/yassine/Documents/CRS/BUS_CAN/rescapt/HAL_Driver/Inc/Legacy" -I"/home/yassine/Documents/CRS/BUS_CAN/rescapt/src/vl6180x" -I"/home/yassine/Documents/CRS/BUS_CAN/rescapt/Utilities/STM32F1xx_Nucleo" -I"/home/yassine/Documents/CRS/BUS_CAN/rescapt/inc" -I"/home/yassine/Documents/CRS/BUS_CAN/rescapt/CMSIS/device" -I"/home/yassine/Documents/CRS/BUS_CAN/rescapt/CMSIS/core" -I"/home/yassine/Documents/CRS/BUS_CAN/rescapt/HAL_Driver/Inc" -O0 -ffunction-sections -Wall -fcommon -fstack-usage -fcyclomatic-complexity -MMD -MP -MF"HAL_Driver/Src/stm32f1xx_ll_rcc.d" -MT"HAL_Driver/Src/stm32f1xx_ll_rcc.o" --specs=nano.specs -mfloat-abi=soft -mthumb -o "HAL_Driver/Src/stm32f1xx_ll_rcc.o"
arm-none-eabi-gcc "../HAL_Driver/Src/stm32f1xx_ll_rtc.c" -mcpu=cortex-m3 -std=gnu11 -g3 -DSTM32 -DSTM32F1 -DSTM32F103RBTx -DNUCLEO_F103RB -DDEBUG -DSTM32F103xB -DUSE_HAL_DRIVER -c -I"/home/yassine/Documents/CRS/BUS_CAN/rescapt/HAL_Driver/Inc/Legacy" -I"/home/yassine/Documents/CRS/BUS_CAN/rescapt/src/vl6180x" -I"/home/yassine/Documents/CRS/BUS_CAN/rescapt/Utilities/STM32F1xx_Nucleo" -I"/home/yassine/Documents/CRS/BUS_CAN/rescapt/inc" -I"/home/yassine/Documents/CRS/BUS_CAN/rescapt/CMSIS/device" -I"/home/yassine/Documents/CRS/BUS_CAN/rescapt/CMSIS/core" -I"/home/yassine/Documents/CRS/BUS_CAN/rescapt/HAL_Driver/Inc" -O0 -ffunction-sections -Wall -fcommon -fstack-usage -fcyclomatic-complexity -MMD -MP -MF"HAL_Driver/Src/stm32f1xx_ll_rtc.d" -MT"HAL_Driver/Src/stm32f1xx_ll_rtc.o" --specs=nano.specs -mfloat-abi=soft -mthumb -o "HAL_Driver/Src/stm32f1xx_ll_rtc.o"
arm-none-eabi-gcc "../HAL_Driver/Src/stm32f1xx_ll_sdmmc.c" -mcpu=cortex-m3 -std=gnu11 -g3 -DSTM32 -DSTM32F1 -DSTM32F103RBTx -DNUCLEO_F103RB -DDEBUG -DSTM32F103xB -DUSE_HAL_DRIVER -c -I"/home/yassine/Documents/CRS/BUS_CAN/rescapt/HAL_Driver/Inc/Legacy" -I"/home/yassine/Documents/CRS/BUS_CAN/rescapt/src/vl6180x" -I"/home/yassine/Documents/CRS/BUS_CAN/rescapt/Utilities/STM32F1xx_Nucleo" -I"/home/yassine/Documents/CRS/BUS_CAN/rescapt/inc" -I"/home/yassine/Documents/CRS/BUS_CAN/rescapt/CMSIS/device" -I"/home/yassine/Documents/CRS/BUS_CAN/rescapt/CMSIS/core" -I"/home/yassine/Documents/CRS/BUS_CAN/rescapt/HAL_Driver/Inc" -O0 -ffunction-sections -Wall -fcommon -fstack-usage -fcyclomatic-complexity -MMD -MP -MF"HAL_Driver/Src/stm32f1xx_ll_sdmmc.d" -MT"HAL_Driver/Src/stm32f1xx_ll_sdmmc.o" --specs=nano.specs -mfloat-abi=soft -mthumb -o "HAL_Driver/Src/stm32f1xx_ll_sdmmc.o"
arm-none-eabi-gcc "../HAL_Driver/Src/stm32f1xx_ll_spi.c" -mcpu=cortex-m3 -std=gnu11 -g3 -DSTM32 -DSTM32F1 -DSTM32F103RBTx -DNUCLEO_F103RB -DDEBUG -DSTM32F103xB -DUSE_HAL_DRIVER -c -I"/home/yassine/Documents/CRS/BUS_CAN/rescapt/HAL_Driver/Inc/Legacy" -I"/home/yassine/Documents/CRS/BUS_CAN/rescapt/src/vl6180x" -I"/home/yassine/Documents/CRS/BUS_CAN/rescapt/Utilities/STM32F1xx_Nucleo" -I"/home/yassine/Documents/CRS/BUS_CAN/rescapt/inc" -I"/home/yassine/Documents/CRS/BUS_CAN/rescapt/CMSIS/device" -I"/home/yassine/Documents/CRS/BUS_CAN/rescapt/CMSIS/core" -I"/home/yassine/Documents/CRS/BUS_CAN/rescapt/HAL_Driver/Inc" -O0 -ffunction-sections -Wall -fcommon -fstack-usage -fcyclomatic-complexity -MMD -MP -MF"HAL_Driver/Src/stm32f1xx_ll_spi.d" -MT"HAL_Driver/Src/stm32f1xx_ll_spi.o" --specs=nano.specs -mfloat-abi=soft -mthumb -o "HAL_Driver/Src/stm32f1xx_ll_spi.o"
arm-none-eabi-gcc "../HAL_Driver/Src/stm32f1xx_ll_tim.c" -mcpu=cortex-m3 -std=gnu11 -g3 -DSTM32 -DSTM32F1 -DSTM32F103RBTx -DNUCLEO_F103RB -DDEBUG -DSTM32F103xB -DUSE_HAL_DRIVER -c -I"/home/yassine/Documents/CRS/BUS_CAN/rescapt/HAL_Driver/Inc/Legacy" -I"/home/yassine/Documents/CRS/BUS_CAN/rescapt/src/vl6180x" -I"/home/yassine/Documents/CRS/BUS_CAN/rescapt/Utilities/STM32F1xx_Nucleo" -I"/home/yassine/Documents/CRS/BUS_CAN/rescapt/inc" -I"/home/yassine/Documents/CRS/BUS_CAN/rescapt/CMSIS/device" -I"/home/yassine/Documents/CRS/BUS_CAN/rescapt/CMSIS/core" -I"/home/yassine/Documents/CRS/BUS_CAN/rescapt/HAL_Driver/Inc" -O0 -ffunction-sections -Wall -fcommon -fstack-usage -fcyclomatic-complexity -MMD -MP -MF"HAL_Driver/Src/stm32f1xx_ll_tim.d" -MT"HAL_Driver/Src/stm32f1xx_ll_tim.o" --specs=nano.specs -mfloat-abi=soft -mthumb -o "HAL_Driver/Src/stm32f1xx_ll_tim.o"
arm-none-eabi-gcc "../HAL_Driver/Src/stm32f1xx_ll_usart.c" -mcpu=cortex-m3 -std=gnu11 -g3 -DSTM32 -DSTM32F1 -DSTM32F103RBTx -DNUCLEO_F103RB -DDEBUG -DSTM32F103xB -DUSE_HAL_DRIVER -c -I"/home/yassine/Documents/CRS/BUS_CAN/rescapt/HAL_Driver/Inc/Legacy" -I"/home/yassine/Documents/CRS/BUS_CAN/rescapt/src/vl6180x" -I"/home/yassine/Documents/CRS/BUS_CAN/rescapt/Utilities/STM32F1xx_Nucleo" -I"/home/yassine/Documents/CRS/BUS_CAN/rescapt/inc" -I"/home/yassine/Documents/CRS/BUS_CAN/rescapt/CMSIS/device" -I"/home/yassine/Documents/CRS/BUS_CAN/rescapt/CMSIS/core" -I"/home/yassine/Documents/CRS/BUS_CAN/rescapt/HAL_Driver/Inc" -O0 -ffunction-sections -Wall -fcommon -fstack-usage -fcyclomatic-complexity -MMD -MP -MF"HAL_Driver/Src/stm32f1xx_ll_usart.d" -MT"HAL_Driver/Src/stm32f1xx_ll_usart.o" --specs=nano.specs -mfloat-abi=soft -mthumb -o "HAL_Driver/Src/stm32f1xx_ll_usart.o"
arm-none-eabi-gcc "../HAL_Driver/Src/stm32f1xx_ll_usb.c" -mcpu=cortex-m3 -std=gnu11 -g3 -DSTM32 -DSTM32F1 -DSTM32F103RBTx -DNUCLEO_F103RB -DDEBUG -DSTM32F103xB -DUSE_HAL_DRIVER -c -I"/home/yassine/Documents/CRS/BUS_CAN/rescapt/HAL_Driver/Inc/Legacy" -I"/home/yassine/Documents/CRS/BUS_CAN/rescapt/src/vl6180x" -I"/home/yassine/Documents/CRS/BUS_CAN/rescapt/Utilities/STM32F1xx_Nucleo" -I"/home/yassine/Documents/CRS/BUS_CAN/rescapt/inc" -I"/home/yassine/Documents/CRS/BUS_CAN/rescapt/CMSIS/device" -I"/home/yassine/Documents/CRS/BUS_CAN/rescapt/CMSIS/core" -I"/home/yassine/Documents/CRS/BUS_CAN/rescapt/HAL_Driver/Inc" -O0 -ffunction-sections -Wall -fcommon -fstack-usage -fcyclomatic-complexity -MMD -MP -MF"HAL_Driver/Src/stm32f1xx_ll_usb.d" -MT"HAL_Driver/Src/stm32f1xx_ll_usb.o" --specs=nano.specs -mfloat-abi=soft -mthumb -o "HAL_Driver/Src/stm32f1xx_ll_usb.o"
arm-none-eabi-gcc "../HAL_Driver/Src/stm32f1xx_ll_utils.c" -mcpu=cortex-m3 -std=gnu11 -g3 -DSTM32 -DSTM32F1 -DSTM32F103RBTx -DNUCLEO_F103RB -DDEBUG -DSTM32F103xB -DUSE_HAL_DRIVER -c -I"/home/yassine/Documents/CRS/BUS_CAN/rescapt/HAL_Driver/Inc/Legacy" -I"/home/yassine/Documents/CRS/BUS_CAN/rescapt/src/vl6180x" -I"/home/yassine/Documents/CRS/BUS_CAN/rescapt/Utilities/STM32F1xx_Nucleo" -I"/home/yassine/Documents/CRS/BUS_CAN/rescapt/inc" -I"/home/yassine/Documents/CRS/BUS_CAN/rescapt/CMSIS/device" -I"/home/yassine/Documents/CRS/BUS_CAN/rescapt/CMSIS/core" -I"/home/yassine/Documents/CRS/BUS_CAN/rescapt/HAL_Driver/Inc" -O0 -ffunction-sections -Wall -fcommon -fstack-usage -fcyclomatic-complexity -MMD -MP -MF"HAL_Driver/Src/stm32f1xx_ll_utils.d" -MT"HAL_Driver/Src/stm32f1xx_ll_utils.o" --specs=nano.specs -mfloat-abi=soft -mthumb -o "HAL_Driver/Src/stm32f1xx_ll_utils.o"
arm-none-eabi-gcc -o "rescapt.elf" @"objects.list"   -mcpu=cortex-m3 -T"/home/yassine/Documents/CRS/BUS_CAN/rescapt/LinkerScript.ld" --specs=nosys.specs -Wl,-Map="rescapt.map" -Wl,--gc-sections -static --specs=nano.specs -mfloat-abi=soft -mthumb -Wl,--start-group -lc -lm -Wl,--end-group
/opt/st/stm32cubeide_1.16.0/plugins/com.st.stm32cube.ide.mcu.externaltools.gnu-tools-for-stm32.12.3.rel1.linux64_1.0.200.202406132123/tools/bin/../lib/gcc/arm-none-eabi/12.3.1/../../../../arm-none-eabi/bin/ld: warning: rescapt.elf has a LOAD segment with RWX permissions
Finished building target: rescapt.elf
 
arm-none-eabi-size  rescapt.elf 
   text	   data	    bss	    dec	    hex	filename
  47476	    368	   3136	  50980	   c724	rescapt.elf
Finished building: default.size.stdout
 
arm-none-eabi-objdump -h -S rescapt.elf  > "rescapt.list"
Finished building: rescapt.list
 
arm-none-eabi-objcopy  -O binary rescapt.elf  "rescapt.bin"
Finished building: rescapt.bin
 
10:44:03 **** Incremental Build of configuration Debug for project rescapt ****
make all 
arm-none-eabi-size  rescapt.elf 
   text	   data	    bss	    dec	    hex	filename
  47476	    368	   3136	  50980	   c724	rescapt.elf
Finished building: default.size.stdout
 
10:57:42 **** Incremental Build of configuration Debug for project rescapt ****
make all 
arm-none-eabi-size  rescapt.elf 
   text	   data	    bss	    dec	    hex	filename
  47476	    368	   3136	  50980	   c724	rescapt.elf
Finished building: default.size.stdout
 
11:00:21 **** Incremental Build of configuration Debug for project rescapt ****
make all 
arm-none-eabi-size  rescapt.elf 
   text	   data	    bss	    dec	    hex	filename
  47476	    368	   3136	  50980	   c724	rescapt.elf
Finished building: default.size.stdout
 
11:00:41 **** Incremental Build of configuration Debug for project rescapt ****
make all 
arm-none-eabi-size  rescapt.elf 
   text	   data	    bss	    dec	    hex	filename
  47476	    368	   3136	  50980	   c724	rescapt.elf
Finished building: default.size.stdout
 
